
Hexadecimal

Area                               Addr   Size   Decimal Bytes (Attributes)
--------------------------------   ----   ----   ------- ----- ------------
CABS                               0000   0000 =      0. bytes (ABS,CON,CODE)

      Value  Global
   --------  --------------------------------
  0C:0000    l_CABS
  0C:0000    l_GSINIT1
  0C:0000    l_GSINIT5
  0C:0000    l_IABS
  0C:0000    l_PSEG
  0C:0000    l_REG_BANK_3
  0C:0000    l_RSEG
  0C:0000    l_XABS
  0C:0000    l__CODE
  0C:0000    s_BSEG
  0C:0000    s_CABS
  0C:0000    s_DSEG
  0C:0000    s_HOME
  0C:0000    s_IABS
  0C:0000    s_ISEG
  0C:0000    s_PSEG
  0C:0000    s_REG_BANK_0
  0C:0000    s_XABS
  0C:0000    s_XSEG
  0C:0001    l_BIT_BANK
  0C:0003    l_BSEG_BYTES
  0C:0003    l_GSFINAL
  0C:0003    l_GSINIT0
  0C:0006    l_OSEG
  0C:0008    l_REG_BANK_0
  0C:0008    l_REG_BANK_1
  0C:0008    l_REG_BANK_2
  0C:0008    s_REG_BANK_1
  0C:0009    l_GSINIT
  0C:000A    l_GSINIT2
  0C:0010    s_REG_BANK_2
  0C:0012    l_ISEG
  0C:0017    l_BSEG
  0C:0018    s_REG_BANK_3
  0C:0020    s_BSEG_BYTES
  0C:0020    s__CODE
  0C:0022    l_GSINIT3
  0C:0023    s_BIT_BANK
  0C:0026    l_XINIT
  0C:0026    l_XISEG
  0C:002A    l_GSINIT4
  0C:0070    l_SSEG
  0C:0078    s_OSEG
  0C:0080    l_DSEG
  0C:0090    s_RSEG
  0C:0090    s_SSEG
  0C:009A    l_HOME
  0C:009A    s_GSINIT0
  0C:009D    s_GSINIT1
  0C:009D    s_GSINIT2
  0C:00A7    s_GSINIT3
  0C:00C9    s_GSINIT4
  0C:00F3    s_GSINIT
  0C:00F3    s_GSINIT5
  0C:00FC    s_GSFINAL
  0C:00FF    s_CSEG
  0C:0100    l_IRAM
  0C:1236    l_XSEG
  0C:1236    s_XISEG
  0C:185F    l_APP_BANK
  0C:2A49    l_CONST
  0C:56AC    l_UIP_BANK
  0C:79E4    l_CSEG
  0C:8000    s_CONST
  0C:AA49    s_XINIT
  0C:28000    s_UIP_BANK
  0C:38000    s_APP_BANK



Hexadecimal

Area                               Addr   Size   Decimal Bytes (Attributes)
--------------------------------   ----   ----   ------- ----- ------------
.  .ABS.                           0000   0000 =      0. bytes (ABS,CON)

      Value  Global
   --------  --------------------------------
     96959493    G$MAC0ACC$0$0
     96959493    _MAC0ACC
     0080    G$P0$0$0
     0080    G$P0_0$0$0
     0080    _P0
     0080    _P0_0
     0081    G$P0_1$0$0
     0081    G$SP$0$0
     0081    _P0_1
     0081    _SP
     0082    G$DPL$0$0
     0082    G$P0_2$0$0
     0082    _DPL
     0082    _P0_2
     0083    G$DPH$0$0
     0083    G$P0_3$0$0
     0083    _DPH
     0083    _P0_3
     0084    G$P0_4$0$0
     0084    G$SFRPAGE$0$0
     0084    _P0_4
     0084    _SFRPAGE
     0085    G$P0_5$0$0
     0085    G$SFRNEXT$0$0
     0085    _P0_5
     0085    _SFRNEXT
     0086    G$P0_6$0$0
     0086    G$SFRLAST$0$0
     0086    _P0_6
     0086    _SFRLAST
     0087    G$P0_7$0$0
     0087    G$PCON$0$0
     0087    _P0_7
     0087    _PCON
     0088    G$CP0HYN0$0$0
     0088    G$CP1HYN0$0$0
     0088    G$CPT0CN$0$0
     0088    G$CPT1CN$0$0
     0088    G$FLHBUSY$0$0
     0088    G$FLSTAT$0$0
     0088    G$IT0$0$0
     0088    G$TCON$0$0
     0088    _CP0HYN0
     0088    _CP1HYN0
     0088    _CPT0CN
     0088    _CPT1CN
     0088    _FLHBUSY
     0088    _FLSTAT
     0088    _IT0
     0088    _TCON
     0089    G$CP0HYN1$0$0
     0089    G$CP1HYN1$0$0
     0089    G$CPT0MD$0$0
     0089    G$CPT1MD$0$0
     0089    G$IE0$0$0
     0089    G$PLL0CN$0$0
     0089    G$TMOD$0$0
     0089    _CP0HYN1
     0089    _CP1HYN1
     0089    _CPT0MD
     0089    _CPT1MD
     0089    _IE0
     0089    _PLL0CN
     0089    _TMOD
     008A    G$CP0HYP0$0$0
     008A    G$CP1HYP0$0$0
     008A    G$IT1$0$0
     008A    G$OSCICN$0$0
     008A    G$TL0$0$0
     008A    _CP0HYP0
     008A    _CP1HYP0
     008A    _IT1
     008A    _OSCICN
     008A    _TL0
     008B    G$CP0HYP1$0$0
     008B    G$CP1HYP1$0$0
     008B    G$IE1$0$0
     008B    G$OSCICL$0$0
     008B    G$TL1$0$0
     008B    _CP0HYP1
     008B    _CP1HYP1
     008B    _IE1
     008B    _OSCICL
     008B    _TL1
     008C    G$CP0FIF$0$0
     008C    G$CP1FIF$0$0
     008C    G$OSCXCN$0$0
     008C    G$TH0$0$0
     008C    G$TR0$0$0
     008C    _CP0FIF
     008C    _CP1FIF
     008C    _OSCXCN
     008C    _TH0
     008C    _TR0
     008D    G$CP0RIF$0$0
     008D    G$CP1RIF$0$0
     008D    G$PLL0DIV$0$0
     008D    G$TF0$0$0
     008D    G$TH1$0$0
     008D    _CP0RIF
     008D    _CP1RIF
     008D    _PLL0DIV
     008D    _TF0
     008D    _TH1
     008E    G$CKCON$0$0
     008E    G$CP0OUT$0$0
     008E    G$CP1OUT$0$0
     008E    G$PLL0MUL$0$0
     008E    G$TR1$0$0
     008E    _CKCON
     008E    _CP0OUT
     008E    _CP1OUT
     008E    _PLL0MUL
     008E    _TR1
     008F    G$CP0EN$0$0
     008F    G$CP1EN$0$0
     008F    G$PLL0FLT$0$0
     008F    G$PSCTL$0$0
     008F    G$TF1$0$0
     008F    _CP0EN
     008F    _CP1EN
     008F    _PLL0FLT
     008F    _PSCTL
     008F    _TF1
     0090    G$P1$0$0
     0090    G$P1_0$0$0
     0090    _P1
     0090    _P1_0
     0091    G$MAC0BL$0$0
     0091    G$P1_1$0$0
     0091    G$SSTA0$0$0
     0091    _MAC0BL
     0091    _P1_1
     0091    _SSTA0
     0092    G$MAC0BH$0$0
     0092    G$P1_2$0$0
     0092    _MAC0BH
     0092    _P1_2
     0093    G$MAC0ACC0$0$0
     0093    G$P1_3$0$0
     0093    _MAC0ACC0
     0093    _P1_3
     0094    G$MAC0ACC1$0$0
     0094    G$P1_4$0$0
     0094    _MAC0ACC1
     0094    _P1_4
     0095    G$MAC0ACC2$0$0
     0095    G$P1_5$0$0
     0095    _MAC0ACC2
     0095    _P1_5
     0096    G$MAC0ACC3$0$0
     0096    G$P1_6$0$0
     0096    G$SFRPGCN$0$0
     0096    _MAC0ACC3
     0096    _P1_6
     0096    _SFRPGCN
     0097    G$CLKSEL$0$0
     0097    G$MAC0OVR$0$0
     0097    G$P1_7$0$0
     0097    _CLKSEL
     0097    _MAC0OVR
     0097    _P1_7
     0098    G$RI$0$0
     0098    G$RI0$0$0
     0098    G$RI1$0$0
     0098    G$SCON$0$0
     0098    G$SCON0$0$0
     0098    G$SCON1$0$0
     0098    _RI
     0098    _RI0
     0098    _RI1
     0098    _SCON
     0098    _SCON0
     0098    _SCON1
     0099    G$SBUF$0$0
     0099    G$SBUF0$0$0
     0099    G$SBUF1$0$0
     0099    G$TI$0$0
     0099    G$TI0$0$0
     0099    G$TI1$0$0
     0099    _SBUF
     0099    _SBUF0
     0099    _SBUF1
     0099    _TI
     0099    _TI0
     0099    _TI1
     009A    G$CCH0MA$0$0
     009A    G$RB80$0$0
     009A    G$RB81$0$0
     009A    G$SPI0CFG$0$0
     009A    _CCH0MA
     009A    _RB80
     009A    _RB81
     009A    _SPI0CFG
     009B    G$SPI0DAT$0$0
     009B    G$TB80$0$0
     009B    G$TB81$0$0
     009B    _SPI0DAT
     009B    _TB80
     009B    _TB81
     009C    G$P4MDOUT$0$0
     009C    G$REN$0$0
     009C    G$REN0$0$0
     009C    G$REN1$0$0
     009C    _P4MDOUT
     009C    _REN
     009C    _REN0
     009C    _REN1
     009D    G$MCE1$0$0
     009D    G$P5MDOUT$0$0
     009D    G$SM20$0$0
     009D    G$SPI0CKR$0$0
     009D    _MCE1
     009D    _P5MDOUT
     009D    _SM20
     009D    _SPI0CKR
     009E    G$P6MDOUT$0$0
     009E    G$SM10$0$0
     009E    _P6MDOUT
     009E    _SM10
     009F    G$P7MDOUT$0$0
     009F    G$S1MODE$0$0
     009F    G$SM00$0$0
     009F    _P7MDOUT
     009F    _S1MODE
     009F    _SM00
     00A0    G$P2$0$0
     00A0    G$P2_0$0$0
     00A0    _P2
     00A0    _P2_0
     00A1    G$CCH0CN$0$0
     00A1    G$EMI0TC$0$0
     00A1    G$P2_1$0$0
     00A1    _CCH0CN
     00A1    _EMI0TC
     00A1    _P2_1
     00A2    G$CCH0TN$0$0
     00A2    G$EMI0CN$0$0
     00A2    G$P2_2$0$0
     00A2    G$_XPAGE$0$0
     00A2    _CCH0TN
     00A2    _EMI0CN
     00A2    _P2_2
     00A2    __XPAGE
     00A3    G$CCH0LC$0$0
     00A3    G$EMI0CF$0$0
     00A3    G$P2_3$0$0
     00A3    _CCH0LC
     00A3    _EMI0CF
     00A3    _P2_3
     00A4    G$P0MDOUT$0$0
     00A4    G$P2_4$0$0
     00A4    _P0MDOUT
     00A4    _P2_4
     00A5    G$P1MDOUT$0$0
     00A5    G$P2_5$0$0
     00A5    _P1MDOUT
     00A5    _P2_5
     00A6    G$P2MDOUT$0$0
     00A6    G$P2_6$0$0
     00A6    _P2MDOUT
     00A6    _P2_6
     00A7    G$P2_7$0$0
     00A7    G$P3MDOUT$0$0
     00A7    _P2_7
     00A7    _P3MDOUT
     00A8    G$EX0$0$0
     00A8    G$IE$0$0
     00A8    _EX0
     00A8    _IE
     00A9    G$ET0$0$0
     00A9    G$SADDR0$0$0
     00A9    _ET0
     00A9    _SADDR0
     00AA    G$EX1$0$0
     00AA    _EX1
     00AB    G$ET1$0$0
     00AB    _ET1
     00AC    G$ES$0$0
     00AC    G$ES0$0$0
     00AC    _ES
     00AC    _ES0
     00AD    G$ET2$0$0
     00AD    G$P1MDIN$0$0
     00AD    _ET2
     00AD    _P1MDIN
     00AF    G$EA$0$0
     00AF    _EA
     00B0    G$P3$0$0
     00B0    G$P3_0$0$0
     00B0    _P3
     00B0    _P3_0
     00B1    G$P3_1$0$0
     00B1    G$PSBANK$0$0
     00B1    _P3_1
     00B1    _PSBANK
     00B2    G$P3_2$0$0
     00B2    _P3_2
     00B3    G$P3_3$0$0
     00B3    _P3_3
     00B4    G$P3_4$0$0
     00B4    _P3_4
     00B5    G$P3_5$0$0
     00B5    _P3_5
     00B6    G$P3_6$0$0
     00B6    _P3_6
     00B7    G$FLACL$0$0
     00B7    G$FLSCL$0$0
     00B7    G$P3_7$0$0
     00B7    _FLACL
     00B7    _FLSCL
     00B7    _P3_7
     00B8    G$IP$0$0
     00B8    G$PX0$0$0
     00B8    _IP
     00B8    _PX0
     00B9    G$PT0$0$0
     00B9    G$SADEN0$0$0
     00B9    _PT0
     00B9    _SADEN0
     00BA    G$AMX0CF$0$0
     00BA    G$AMX2CF$0$0
     00BA    G$PX1$0$0
     00BA    _AMX0CF
     00BA    _AMX2CF
     00BA    _PX1
     00BB    G$AMX0SL$0$0
     00BB    G$AMX2SL$0$0
     00BB    G$PT1$0$0
     00BB    _AMX0SL
     00BB    _AMX2SL
     00BB    _PT1
     00BC    G$ADC0CF$0$0
     00BC    G$ADC2CF$0$0
     00BC    G$PS$0$0
     00BC    G$PS0$0$0
     00BC    _ADC0CF
     00BC    _ADC2CF
     00BC    _PS
     00BC    _PS0
     00BD    G$PT2$0$0
     00BD    _PT2
     00BE    G$ADC0L$0$0
     00BE    G$ADC2$0$0
     00BE    _ADC0L
     00BE    _ADC2
     00BF    G$ADC0H$0$0
     00BF    _ADC0H
     00C0    G$MAC0N$0$0
     00C0    G$MAC0STA$0$0
     00C0    G$SMB0CN$0$0
     00C0    G$SMBTOE$0$0
     00C0    _MAC0N
     00C0    _MAC0STA
     00C0    _SMB0CN
     00C0    _SMBTOE
     00C1    G$MAC0AL$0$0
     00C1    G$MAC0SO$0$0
     00C1    G$SMB0STA$0$0
     00C1    G$SMBFTE$0$0
     00C1    _MAC0AL
     00C1    _MAC0SO
     00C1    _SMB0STA
     00C1    _SMBFTE
     00C2    G$AA$0$0
     00C2    G$MAC0AH$0$0
     00C2    G$MAC0Z$0$0
     00C2    G$SMB0DAT$0$0
     00C2    _AA
     00C2    _MAC0AH
     00C2    _MAC0Z
     00C2    _SMB0DAT
     00C3    G$MAC0CF$0$0
     00C3    G$MAC0HO$0$0
     00C3    G$SI$0$0
     00C3    G$SMB0ADR$0$0
     00C3    _MAC0CF
     00C3    _MAC0HO
     00C3    _SI
     00C3    _SMB0ADR
     00C4    G$ADC0GTL$0$0
     00C4    G$ADC2GT$0$0
     00C4    G$STO$0$0
     00C4    _ADC0GTL
     00C4    _ADC2GT
     00C4    _STO
     00C5    G$ADC0GTH$0$0
     00C5    G$STA$0$0
     00C5    _ADC0GTH
     00C5    _STA
     00C6    G$ADC0LTL$0$0
     00C6    G$ADC2LT$0$0
     00C6    G$ENSMB$0$0
     00C6    _ADC0LTL
     00C6    _ADC2LT
     00C6    _ENSMB
     00C7    G$ADC0LTH$0$0
     00C7    G$BUSY$0$0
     00C7    _ADC0LTH
     00C7    _BUSY
     00C8    G$CPRL2$0$0
     00C8    G$CPRL3$0$0
     00C8    G$CPRL4$0$0
     00C8    G$P4$0$0
     00C8    G$P4_0$0$0
     00C8    G$TMR2CN$0$0
     00C8    G$TMR3CN$0$0
     00C8    G$TMR4CN$0$0
     00C8    _CPRL2
     00C8    _CPRL3
     00C8    _CPRL4
     00C8    _P4
     00C8    _P4_0
     00C8    _TMR2CN
     00C8    _TMR3CN
     00C8    _TMR4CN
     00C9    G$CT2$0$0
     00C9    G$CT3$0$0
     00C9    G$CT4$0$0
     00C9    G$P4_1$0$0
     00C9    G$TMR2CF$0$0
     00C9    G$TMR3CF$0$0
     00C9    G$TMR4CF$0$0
     00C9    _CT2
     00C9    _CT3
     00C9    _CT4
     00C9    _P4_1
     00C9    _TMR2CF
     00C9    _TMR3CF
     00C9    _TMR4CF
     00CA    G$P4_2$0$0
     00CA    G$RCAP2L$0$0
     00CA    G$RCAP3L$0$0
     00CA    G$RCAP4L$0$0
     00CA    G$TR2$0$0
     00CA    G$TR3$0$0
     00CA    G$TR4$0$0
     00CA    _P4_2
     00CA    _RCAP2L
     00CA    _RCAP3L
     00CA    _RCAP4L
     00CA    _TR2
     00CA    _TR3
     00CA    _TR4
     00CB    G$EXEN2$0$0
     00CB    G$EXEN3$0$0
     00CB    G$EXEN4$0$0
     00CB    G$P4_3$0$0
     00CB    G$RCAP2H$0$0
     00CB    G$RCAP3H$0$0
     00CB    G$RCAP4H$0$0
     00CB    _EXEN2
     00CB    _EXEN3
     00CB    _EXEN4
     00CB    _P4_3
     00CB    _RCAP2H
     00CB    _RCAP3H
     00CB    _RCAP4H
     00CC    G$P4_4$0$0
     00CC    G$TL2$0$0
     00CC    G$TMR2L$0$0
     00CC    G$TMR3L$0$0
     00CC    G$TMR4L$0$0
     00CC    _P4_4
     00CC    _TL2
     00CC    _TMR2L
     00CC    _TMR3L
     00CC    _TMR4L
     00CD    G$P4_5$0$0
     00CD    G$TH2$0$0
     00CD    G$TMR2H$0$0
     00CD    G$TMR3H$0$0
     00CD    G$TMR4H$0$0
     00CD    _P4_5
     00CD    _TH2
     00CD    _TMR2H
     00CD    _TMR3H
     00CD    _TMR4H
     00CE    G$EXF2$0$0
     00CE    G$EXF3$0$0
     00CE    G$EXF4$0$0
     00CE    G$MAC0RNDL$0$0
     00CE    G$P4_6$0$0
     00CE    _EXF2
     00CE    _EXF3
     00CE    _EXF4
     00CE    _MAC0RNDL
     00CE    _P4_6
     00CF    G$MAC0RNDH$0$0
     00CF    G$P4_7$0$0
     00CF    G$SMB0CR$0$0
     00CF    G$TF2$0$0
     00CF    G$TF3$0$0
     00CF    G$TF4$0$0
     00CF    _MAC0RNDH
     00CF    _P4_7
     00CF    _SMB0CR
     00CF    _TF2
     00CF    _TF3
     00CF    _TF4
     00D0    G$P$0$0
     00D0    G$PSW$0$0
     00D0    _P
     00D0    _PSW
     00D1    G$F1$0$0
     00D1    G$REF0CN$0$0
     00D1    _F1
     00D1    _REF0CN
     00D2    G$DAC0L$0$0
     00D2    G$DAC1L$0$0
     00D2    G$OV$0$0
     00D2    _DAC0L
     00D2    _DAC1L
     00D2    _OV
     00D3    G$DAC0H$0$0
     00D3    G$DAC1H$0$0
     00D3    G$RS0$0$0
     00D3    _DAC0H
     00D3    _DAC1H
     00D3    _RS0
     00D4    G$DAC0CN$0$0
     00D4    G$DAC1CN$0$0
     00D4    G$RS1$0$0
     00D4    _DAC0CN
     00D4    _DAC1CN
     00D4    _RS1
     00D5    G$F0$0$0
     00D5    _F0
     00D6    G$AC$0$0
     00D6    _AC
     00D7    G$CY$0$0
     00D7    _CY
     00D8    G$CCF0$0$0
     00D8    G$P5$0$0
     00D8    G$P5_0$0$0
     00D8    G$PCA0CN$0$0
     00D8    _CCF0
     00D8    _P5
     00D8    _P5_0
     00D8    _PCA0CN
     00D9    G$CCF1$0$0
     00D9    G$P5_1$0$0
     00D9    G$PCA0MD$0$0
     00D9    _CCF1
     00D9    _P5_1
     00D9    _PCA0MD
     00DA    G$CCF2$0$0
     00DA    G$P5_2$0$0
     00DA    G$PCA0CPM0$0$0
     00DA    _CCF2
     00DA    _P5_2
     00DA    _PCA0CPM0
     00DB    G$CCF3$0$0
     00DB    G$P5_3$0$0
     00DB    G$PCA0CPM1$0$0
     00DB    _CCF3
     00DB    _P5_3
     00DB    _PCA0CPM1
     00DC    G$CCF4$0$0
     00DC    G$P5_4$0$0
     00DC    G$PCA0CPM2$0$0
     00DC    _CCF4
     00DC    _P5_4
     00DC    _PCA0CPM2
     00DD    G$CCF5$0$0
     00DD    G$P5_5$0$0
     00DD    G$PCA0CPM3$0$0
     00DD    _CCF5
     00DD    _P5_5
     00DD    _PCA0CPM3
     00DE    G$CR$0$0
     00DE    G$P5_6$0$0
     00DE    G$PCA0CPM4$0$0
     00DE    _CR
     00DE    _P5_6
     00DE    _PCA0CPM4
     00DF    G$CF$0$0
     00DF    G$P5_7$0$0
     00DF    G$PCA0CPM5$0$0
     00DF    _CF
     00DF    _P5_7
     00DF    _PCA0CPM5
     00E0    G$ACC$0$0
     00E0    _ACC
     00E1    G$PCA0CPL5$0$0
     00E1    G$XBR0$0$0
     00E1    _PCA0CPL5
     00E1    _XBR0
     00E2    G$PCA0CPH5$0$0
     00E2    G$XBR1$0$0
     00E2    _PCA0CPH5
     00E2    _XBR1
     00E3    G$XBR2$0$0
     00E3    _XBR2
     00E6    G$EIE1$0$0
     00E6    _EIE1
     00E7    G$EIE2$0$0
     00E7    _EIE2
     00E8    G$AD0LJST$0$0
     00E8    G$AD2WINT$0$0
     00E8    G$ADC0CN$0$0
     00E8    G$ADC2CN$0$0
     00E8    G$P6$0$0
     00E8    G$P6_0$0$0
     00E8    _AD0LJST
     00E8    _AD2WINT
     00E8    _ADC0CN
     00E8    _ADC2CN
     00E8    _P6
     00E8    _P6_0
     00E9    G$AD0WINT$0$0
     00E9    G$AD2CM0$0$0
     00E9    G$P6_1$0$0
     00E9    G$PCA0CPL2$0$0
     00E9    _AD0WINT
     00E9    _AD2CM0
     00E9    _P6_1
     00E9    _PCA0CPL2
     00EA    G$AD0CM0$0$0
     00EA    G$AD2CM1$0$0
     00EA    G$P6_2$0$0
     00EA    G$PCA0CPH2$0$0
     00EA    _AD0CM0
     00EA    _AD2CM1
     00EA    _P6_2
     00EA    _PCA0CPH2
     00EB    G$AD0CM1$0$0
     00EB    G$AD2CM2$0$0
     00EB    G$P6_3$0$0
     00EB    G$PCA0CPL3$0$0
     00EB    _AD0CM1
     00EB    _AD2CM2
     00EB    _P6_3
     00EB    _PCA0CPL3
     00EC    G$AD0BUSY$0$0
     00EC    G$AD2BUSY$0$0
     00EC    G$P6_4$0$0
     00EC    G$PCA0CPH3$0$0
     00EC    _AD0BUSY
     00EC    _AD2BUSY
     00EC    _P6_4
     00EC    _PCA0CPH3
     00ED    G$AD0INT$0$0
     00ED    G$AD2INT$0$0
     00ED    G$P6_5$0$0
     00ED    G$PCA0CPL4$0$0
     00ED    _AD0INT
     00ED    _AD2INT
     00ED    _P6_5
     00ED    _PCA0CPL4
     00EE    G$AD0TM$0$0
     00EE    G$AD2TM$0$0
     00EE    G$P6_6$0$0
     00EE    G$PCA0CPH4$0$0
     00EE    _AD0TM
     00EE    _AD2TM
     00EE    _P6_6
     00EE    _PCA0CPH4
     00EF    G$AD0EN$0$0
     00EF    G$AD2EN$0$0
     00EF    G$P6_7$0$0
     00EF    G$RSTSRC$0$0
     00EF    _AD0EN
     00EF    _AD2EN
     00EF    _P6_7
     00EF    _RSTSRC
     00F0    G$B$0$0
     00F0    _B
     00F5    _B_5
     00F6    G$EIP1$0$0
     00F6    _B_6
     00F6    _EIP1
     00F7    G$EIP2$0$0
     00F7    _B_7
     00F7    _EIP2
     00F8    G$P7$0$0
     00F8    G$P7_0$0$0
     00F8    G$SPI0CN$0$0
     00F8    G$SPIEN$0$0
     00F8    _P7
     00F8    _P7_0
     00F8    _SPI0CN
     00F8    _SPIEN
     00F9    G$P7_1$0$0
     00F9    G$PCA0L$0$0
     00F9    G$TXBMT$0$0
     00F9    _P7_1
     00F9    _PCA0L
     00F9    _TXBMT
     00FA    G$NSSMD0$0$0
     00FA    G$P7_2$0$0
     00FA    G$PCA0H$0$0
     00FA    _NSSMD0
     00FA    _P7_2
     00FA    _PCA0H
     00FB    G$NSSMD1$0$0
     00FB    G$P7_3$0$0
     00FB    G$PCA0CPL0$0$0
     00FB    _NSSMD1
     00FB    _P7_3
     00FB    _PCA0CPL0
     00FC    G$P7_4$0$0
     00FC    G$PCA0CPH0$0$0
     00FC    G$RXOVRN$0$0
     00FC    _P7_4
     00FC    _PCA0CPH0
     00FC    _RXOVRN
     00FD    G$MODF$0$0
     00FD    G$P7_5$0$0
     00FD    G$PCA0CPL1$0$0
     00FD    _MODF
     00FD    _P7_5
     00FD    _PCA0CPL1
     00FE    G$P7_6$0$0
     00FE    G$PCA0CPH1$0$0
     00FE    G$WCOL$0$0
     00FE    _P7_6
     00FE    _PCA0CPH1
     00FE    _WCOL
     00FF    G$P7_7$0$0
     00FF    G$SPIF$0$0
     00FF    G$WDTCN$0$0
     00FF    _P7_7
     00FF    _SPIF
     00FF    _WDTCN
     8000    G$NIC_REG$0$0
     8000    _NIC_REG
     8100    G$NIC_DAT$0$0
     8100    _NIC_DAT
     8C8A    G$TMR0$0$0
     8C8A    _TMR0
     8D8B    G$TMR1$0$0
     8D8B    _TMR1
     BFBE    G$ADC0$0$0
     BFBE    _ADC0
     C2C1    G$MAC0A$0$0
     C2C1    _MAC0A
     C5C4    G$ADC0GT$0$0
     C5C4    _ADC0GT
     C7C6    G$ADC0LT$0$0
     C7C6    _ADC0LT
     CBCA    G$RCAP2$0$0
     CBCA    G$RCAP3$0$0
     CBCA    G$RCAP4$0$0
     CBCA    _RCAP2
     CBCA    _RCAP3
     CBCA    _RCAP4
     CDCC    G$TMR2$0$0
     CDCC    G$TMR3$0$0
     CDCC    G$TMR4$0$0
     CDCC    _TMR2
     CDCC    _TMR3
     CDCC    _TMR4
     CFCE    G$MAC0RND$0$0
     CFCE    _MAC0RND
     D3D2    G$DAC0$0$0
     D3D2    G$DAC1$0$0
     D3D2    _DAC0
     D3D2    _DAC1
     E2E1    G$PCA0CP5$0$0
     E2E1    _PCA0CP5
     EAE9    G$PCA0CP2$0$0
     EAE9    _PCA0CP2
     ECEB    G$PCA0CP3$0$0
     ECEB    _PCA0CP3
     EEED    G$PCA0CP4$0$0
     EEED    _PCA0CP4
     FAF9    G$PCA0$0$0
     FAF9    _PCA0
     FCFB    G$PCA0CP0$0$0
     FCFB    _PCA0CP0
     FE00    Fparameters$saved_cfg$0$0
     FEFD    G$PCA0CP1$0$0
     FEFD    _PCA0CP1







Hexadecimal

Area                               Addr   Size   Decimal Bits  (Attributes)
--------------------------------   ----   ----   ------- ----- ------------
BSEG                               0000   0017 =     23. bits  (REL,CON,BIT)

      Value  Global
   --------  --------------------------------
  0B:0000    G$SIG_low_temp$0$0
  0B:0000    _SIG_low_temp
  0B:0001    G$SIG_fan_hi_temp$0$0
  0B:0001    _SIG_fan_hi_temp
  0B:0002    G$LSIG_Testmejl$0$0
  0B:0002    _LSIG_Testmejl
  0B:0003    G$LSIG_Reset$0$0
  0B:0003    _LSIG_Reset
  0B:0004    G$callback_kicker$0$0
  0B:0004    _callback_kicker
  0B:0005    G$TX_EventPending$0$0
  0B:0005    _TX_EventPending
  0B:0006    G$ARP_EventPending$0$0
  0B:0006    _ARP_EventPending
  0B:0007    G$LED_EventPending$0$0
  0B:0007    _LED_EventPending
  0B:0008    G$uartByteAvail$0$0
  0B:0008    _uartByteAvail
  0B:0009    G$Transmitting$0$0
  0B:0009    _Transmitting
  0B:000A    G$uart_tx_buf_full$0$0
  0B:000A    _uart_tx_buf_full


Hexadecimal

Area                               Addr   Size   Decimal Bytes (Attributes)
--------------------------------   ----   ----   ------- ----- ------------
DSEG                               0000   0080 =    128. bytes (REL,CON)

      Value  Global
   --------  --------------------------------
     0018    Lparse_expr$sloc0$1$0
     001B    LDM9000_transmit$sloc0$1$0
     001E    Luip_tcp_app_exec$sloc0$1$0
     0024    Lhttpd_appcall$sloc0$1$0
     0027    Lhttpd_appcall$sloc1$1$0
     002A    Fadc$current_channel$0$0
     002B    Fadc$adc_chan$0$0
     002C    LADC_ISR$w_ptr$1$1
     002D    LADC_ISR$r_ptr$1$1
     002E    LADC_ISR$sample$1$1
     0030    LADC_ISR$i$1$1
     0031    LADC_ISR$sum$1$1
     0035    LADC_ISR$sloc0$1$0
     0037    LADC_ISR$sloc1$1$0
     003B    Lhandle_led$sloc0$1$0
     003E    Lpsock_send$sloc0$1$0
     0041    Lpsock_generator_send$sloc0$1$0
     0044    Lpsock_readto$sloc0$1$0
     0047    Lpsock_readto$sloc1$1$0
     004A    Lpsock_readbuf$sloc0$1$0
     004D    Lpsock_readbuf$sloc1$1$0
     0050    Lpsock_init$sloc0$1$0
     0053    Lpsock_init$sloc1$1$0
     0056    Luip_connect$sloc0$1$0
     0059    Luip_connect$sloc1$1$0
     005C    Luip_process$sloc0$1$0
     005F    Luip_process$sloc1$1$0
     0060    Luip_process$sloc2$1$0
     0061    Luip_process$sloc3$1$0
     0064    Luip_process$sloc4$1$0
     0067    Luip_process$sloc5$1$0
     0071    _bp

Hexadecimal

Area                               Addr   Size   Decimal Bytes (Attributes)
--------------------------------   ----   ----   ------- ----- ------------
OSEG                               0078   0006 =      6. bytes (REL,OVR)

      Value  Global
   --------  --------------------------------
     0078    Lchksum$sloc0$1$0
     0078    __divulong_sloc0_1_0
     0078    _chksum_sloc0_1_0
     0078    _memcpy_sloc0_1_0
     0078    _strncat_sloc0_1_0
     0078    _strncmp_sloc0_1_0
     0078    _strncpy_sloc0_1_0
     007B    Lchksum$sloc1$1$0
     007B    _chksum_sloc1_1_0
     007B    _memcpy_sloc1_1_0

Hexadecimal

Area                               Addr   Size   Decimal Bytes (Attributes)
--------------------------------   ----   ----   ------- ----- ------------
ISEG                               0000   0012 =     18. bytes (REL,CON)

      Value  Global
   --------  --------------------------------
     007E    Fdm9000$RX_Length$0$0
     0080    LDM9000_transmit$i$1$1
     0082    Lwrite_config_to_flash$i$1$1
     0084    Fmain$half_Sec$0$0
     0086    Fmain$ten_Secs$0$0
     0088    Fmain$lled$0$0
     0089    Fmain$LedTimer$0$0
     008B    Fmain$tmcnt$0$0
     008C    Fmain$timebase$0$0

Hexadecimal

Area                               Addr   Size   Decimal Bytes (Attributes)
--------------------------------   ----   ----   ------- ----- ------------
SSEG                               0090   0070 =    112. bytes (REL,OVR)

      Value  Global
   --------  --------------------------------
     0090    __start__stack



Hexadecimal

Area                               Addr   Size   Decimal Bytes (Attributes)
--------------------------------   ----   ----   ------- ----- ------------
XSEG                               0000   1236 =   4662. bytes (REL,CON,XDATA)

      Value  Global
   --------  --------------------------------
  0D:0000    G$adcd$0$0
  0D:0000    _adcd
  0D:0016    G$fan$0$0
  0D:0016    _fan
  0D:002C    G$heater_alarm$0$0
  0D:002C    _heater_alarm
  0D:0035    G$fan_alarm$0$0
  0D:0035    _fan_alarm
  0D:003E    G$s$0$0
  0D:003E    _s
  0D:007A    Fsmtp$localhostname$0$0
  0D:007D    Fsmtp$smtpserver$0$0
  0D:0081    Fsmtp$b64$0$0
  0D:00A1    Lsmtp_configure$server$1$1
  0D:00A1    _smtp_configure_PARM_2
  0D:00A4    Lsmtp_configure$lhostname$1$1
  0D:00A7    Lsmtp_send$cc$1$1
  0D:00A7    _smtp_send_PARM_2
  0D:00AA    Lsmtp_send$from$1$1
  0D:00AA    _smtp_send_PARM_3
  0D:00AD    Lsmtp_send$subject$1$1
  0D:00AD    _smtp_send_PARM_4
  0D:00B0    Lsmtp_send$msg$1$1
  0D:00B0    _smtp_send_PARM_5
  0D:00B3    Lsmtp_send$msglen$1$1
  0D:00B3    _smtp_send_PARM_6
  0D:00B5    Lsmtp_send$to$1$1
  0D:00B8    Lencode64$outstr$1$1
  0D:00B8    _encode64_PARM_2
  0D:00BB    Lencode64$instr$1$1
  0D:00BE    Lencode64$in$1$1
  0D:00C1    Lencode64$out$1$1
  0D:00C5    Fhttpd_fs$count$0$0
  0D:00DB    Lskip_to_equal$buf$1$1
  0D:00DE    Lskip_to_dot$buf$1$1
  0D:00E1    Lparse_ip$ip$1$1
  0D:00E1    _parse_ip_PARM_2
  0D:00E4    Lparse_ip$buf$1$1
  0D:00E7    Lparse_ip$octet$1$1
  0D:00EB    Lparse_temp$buf$1$1
  0D:00EE    Lparse_temp$ret$1$1
  0D:00F0    Lparse_temp$dp$1$1
  0D:00F1    Lparse_temp$sign$1$1
  0D:00F3    Lparse_expr$buf$1$1
  0D:00F6    Lparse_input$buf$1$1
  0D:00F9    Lparse_input$token$1$1
  0D:0139    Lcheck_authorization$base64pass$1$1
  0D:013C    Lcheck_authorization$authed$1$1
  0D:013E    Lcheck_authorization$mypass64$1$1
  0D:0190    Lcheck_authorization$mypass$2$2
  0D:01BA    Fadc$adc$0$0
  0D:0292    Ladc_get_average$channel$1$1
  0D:0293    Ladc_get_last_sample$channel$1$1
  0D:0294    Lget_temperature$channel$1$1
  0D:0295    LTimer3_Init$counts$1$1
  0D:0297    Lwrite_nicreg$val$1$1
  0D:0297    _write_nicreg_PARM_2
  0D:0298    Lwrite_nicreg$IOaddr$1$1
  0D:0299    Lwrite_nicdata$val$1$1
  0D:029A    Lset_nicreg$IOaddr$1$1
  0D:029B    LPHY_write$val$1$1
  0D:029B    _PHY_write_PARM_2
  0D:029D    LPHY_write$IOaddr$1$1
  0D:029E    Lread_nicreg$IOaddr$1$1
  0D:029F    L_wait_ms$count$1$1
  0D:02A1    G$led$0$0
  0D:02A1    _led
  0D:02A6    Lset_led$option$1$1
  0D:02A6    _set_led_PARM_2
  0D:02A7    Lset_led$status$1$1
  0D:02A8    Lhandle_led$ld$1$1
  0D:02AB    G$swtimer$0$0
  0D:02AB    _swtimer
  0D:02D3    G$timer_table$0$0
  0D:02D3    _timer_table
  0D:02DD    G$timer_cbs$0$0
  0D:02DD    _timer_cbs
  0D:02F1    G$kicker$0$0
  0D:02F1    _kicker
  0D:02F3    Lfree_timer$timer$1$1
  0D:02F4    Lset_timer$time$1$1
  0D:02F4    _set_timer_PARM_2
  0D:02F8    Lset_timer$cb$1$1
  0D:02F8    _set_timer_PARM_3
  0D:02FA    Lset_timer$timer$1$1
  0D:02FB    Lset_timer_cnt$time$1$1
  0D:02FB    _set_timer_cnt_PARM_2
  0D:02FF    Lset_timer_cnt$timer$1$1
  0D:0300    Lget_timer$timer$1$1
  0D:0301    Lget_timer_status$timer$1$1
  0D:0302    Lstop_timer$timer$1$1
  0D:0303    Lstart_timer$timer$1$1
  0D:0304    Lhandle_kicker$Kicker$1$1
  0D:0307    Lputchar$a$1$1
  0D:0308    G$wdt_resets$0$0
  0D:0308    _wdt_resets
  0D:0309    Lconfig$t$1$1
  0D:030A    Lread_flash$n$1$1
  0D:030B    Lwrite_config_to_flash$src$1$1
  0D:030D    Lwrite_new_verification_word$ver$1$1
  0D:030F    Lflash_chksum$command$1$1
  0D:0310    Lflash_chksum$chksum$1$1
  0D:0312    Lflash_chksum$loop$1$1
  0D:0314    G$sys_cfg$0$0
  0D:0314    _sys_cfg
  0D:0391    Lsys_getethaddr$addr$1$1
  0D:0394    Lmain$smtp_server$1$1
  0D:0398    Lmain$maild$1$1
  0D:039A    Lsmtp_done$error$1$1
  0D:039B    Fuip_app_registration$uipAppList$0$0
  0D:03A7    Luip_app_list_init$i$1$1
  0D:03A9    Lpsock_send$buf$1$1
  0D:03A9    _psock_send_PARM_2
  0D:03AC    Lpsock_send$len$1$1
  0D:03AC    _psock_send_PARM_3
  0D:03AE    Lpsock_send$s$1$1
  0D:03B1    Lpsock_generator_send$generate$1$1
  0D:03B1    _psock_generator_send_PARM_2
  0D:03B3    Lpsock_generator_send$arg$1$1
  0D:03B3    _psock_generator_send_PARM_3
  0D:03B6    Lpsock_generator_send$s$1$1
  0D:03B9    Lpsock_datalen$psock$1$1
  0D:03BC    Lpsock_newdata$s$1$1
  0D:03BF    Lpsock_readto$c$1$1
  0D:03BF    _psock_readto_PARM_2
  0D:03C0    Lpsock_readto$psock$1$1
  0D:03C3    Lpsock_readbuf$psock$1$1
  0D:03C6    Lpsock_init$buffer$1$1
  0D:03C6    _psock_init_PARM_2
  0D:03C9    Lpsock_init$buffersize$1$1
  0D:03C9    _psock_init_PARM_3
  0D:03CB    Lpsock_init$psock$1$1
  0D:03CE    G$uip_hostaddr$0$0
  0D:03CE    _uip_hostaddr
  0D:03D2    G$uip_draddr$0$0
  0D:03D2    _uip_draddr
  0D:03D6    G$uip_netmask$0$0
  0D:03D6    _uip_netmask
  0D:03DA    G$uip_buf$0$0
  0D:03DA    _uip_buf
  0D:056C    G$uip_appdata$0$0
  0D:056C    _uip_appdata
  0D:056F    G$uip_sappdata$0$0
  0D:056F    _uip_sappdata
  0D:0572    G$uip_len$0$0
  0D:0572    _uip_len
  0D:0574    G$uip_slen$0$0
  0D:0574    _uip_slen
  0D:0576    G$uip_flags$0$0
  0D:0576    _uip_flags
  0D:0577    G$uip_conn$0$0
  0D:0577    _uip_conn
  0D:057A    G$uip_conns$0$0
  0D:057A    _uip_conns
  0D:110A    G$uip_listenports$0$0
  0D:110A    _uip_listenports
  0D:111E    Fuip$ipid$0$0
  0D:1120    Luip_setipid$id$1$1
  0D:1122    Fuip$iss$0$0
  0D:1126    Fuip$lastport$0$0
  0D:1128    G$uip_acc32$0$0
  0D:1128    _uip_acc32
  0D:112C    Fuip$c$0$0
  0D:112D    Fuip$opt$0$0
  0D:112E    Fuip$tmp16$0$0
  0D:1130    Lchksum$indata$1$1
  0D:1130    _chksum_PARM_2
  0D:1133    Lchksum$len$1$1
  0D:1133    _chksum_PARM_3
  0D:1135    Lchksum$sum$1$1
  0D:1137    Luip_chksum$len$1$1
  0D:1137    _uip_chksum_PARM_2
  0D:1139    Luip_chksum$indata$1$1
  0D:113C    Lupper_layer_chksum$proto$1$1
  0D:113D    Lupper_layer_chksum$upper_layer_len$1$1
  0D:113F    Luip_connect$rport$1$1
  0D:113F    _uip_connect_PARM_2
  0D:1141    Luip_connect$ripaddr$1$1
  0D:1144    Luip_connect$conn$1$1
  0D:1147    Luip_connect$cconn$1$1
  0D:114A    Luip_unlisten$port$1$1
  0D:114C    Luip_listen$port$1$1
  0D:114E    Luip_add_rcv_nxt$n$1$1
  0D:1150    Luip_process$flag$1$1
  0D:1151    Luip_process$uip_connr$1$1
  0D:1154    Luip_process$m$4$61
  0D:1155    Lhtons$val$1$1
  0D:1157    Luip_send$len$1$1
  0D:1157    _uip_send_PARM_2
  0D:1159    Luip_send$indata$1$1
  0D:115C    Fuip_arp$arp_table$0$0
  0D:1188    Fuip_arp$ipaddr$0$0
  0D:118C    Fuip_arp$i$0$0
  0D:118D    Fuip_arp$c$0$0
  0D:118E    Fuip_arp$arptime$0$0
  0D:118F    Fuip_arp$tmpage$0$0
  0D:1190    _strcpy_PARM_2
  0D:1196    __divslong_PARM_2
  0D:119E    __divulong_PARM_2
  0D:11AA    _strncmp_PARM_2
  0D:11AD    _strncmp_PARM_3
  0D:11B2    _strrchr_PARM_2
  0D:11BA    _memcpy_PARM_2
  0D:11BD    _memcpy_PARM_3
  0D:11C2    _memset_PARM_2
  0D:11C3    _memset_PARM_3
  0D:11C9    _strcat_PARM_2
  0D:11CF    _strncpy_PARM_2
  0D:11D2    _strncpy_PARM_3
  0D:11DA    __gptrput_PARM_2
  0D:11DB    _strchr_PARM_2
  0D:11E1    __mulint_PARM_2
  0D:11E3    __modsint_PARM_2
  0D:11E7    __mullong_PARM_2
  0D:11EB    __moduint_PARM_2
  0D:11F0    _strncat_PARM_2
  0D:11F3    _strncat_PARM_3
  0D:11FB    __divsint_PARM_2
  0D:11FF    __divuint_PARM_2
  0D:1205    _vsprintf_PARM_2
  0D:1208    _vsprintf_PARM_3
  0D:120C    _vprintf_PARM_2
  0D:1220    __print_format_PARM_2
  0D:1223    __print_format_PARM_3
  0D:1226    __print_format_PARM_4

Hexadecimal

Area                               Addr   Size   Decimal Bytes (Attributes)
--------------------------------   ----   ----   ------- ----- ------------
XISEG                              1236   0026 =     38. bytes (REL,CON,XDATA)

      Value  Global
   --------  --------------------------------
  0D:1236    Fhttpd_cgi$calls$0$0
  0D:1251    Fhttpd_cgi$ip_format$0$0
  0D:1254    G$SIG_NEW_ADC_VALUE_RECEIVED$0$0
  0D:1254    _SIG_NEW_ADC_VALUE_RECEIVED
  0D:1255    Fswtimers$count$0$0
  0D:1256    G$uip_ethaddr$0$0
  0D:1256    _uip_ethaddr

Hexadecimal

Area                               Addr   Size   Decimal Bytes (Attributes)
--------------------------------   ----   ----   ------- ----- ------------
HOME                               0000   009A =    154. bytes (REL,CON,CODE)

      Value  Global
   --------  --------------------------------
  0C:0000    A$main$1298
  0C:0003    A$main$1299
  0C:000B    A$main$1301
  0C:0013    A$main$1303
  0C:001B    A$main$1305
  0C:0023    A$main$1307
  0C:002B    A$main$1309
  0C:0033    A$main$1311
  0C:003B    A$main$1313
  0C:0043    A$main$1315
  0C:004B    A$main$1317
  0C:0053    A$main$1319
  0C:005B    A$main$1321
  0C:0063    A$main$1323
  0C:006B    A$main$1325
  0C:0073    A$main$1327
  0C:007B    A$main$1329
  0C:007E    A$main$1351
  0C:007E    __sdcc_program_startup
  0C:0081    A$main$1353
  0C:0083    __sdcc_banked_call
  0C:0095    __sdcc_banked_ret
  0C:0098    __sdcc_call_dptr

Hexadecimal

Area                               Addr   Size   Decimal Bytes (Attributes)
--------------------------------   ----   ----   ------- ----- ------------
GSINIT0                            009A   0003 =      3. bytes (REL,CON,CODE)

      Value  Global
   --------  --------------------------------
  0C:009A    __sdcc_gsinit_startup



Hexadecimal

Area                               Addr   Size   Decimal Bytes (Attributes)
--------------------------------   ----   ----   ------- ----- ------------
GSINIT3                            00A7   0022 =     34. bytes (REL,CON,CODE)

      Value  Global
   --------  --------------------------------
  0C:00A7    __mcs51_genXINIT

Hexadecimal

Area                               Addr   Size   Decimal Bytes (Attributes)
--------------------------------   ----   ----   ------- ----- ------------
GSINIT4                            00C9   002A =     42. bytes (REL,CON,CODE)

      Value  Global
   --------  --------------------------------
  0C:00C9    __mcs51_genRAMCLEAR
  0C:00CF    __mcs51_genXRAMCLEAR


Hexadecimal

Area                               Addr   Size   Decimal Bytes (Attributes)
--------------------------------   ----   ----   ------- ----- ------------
GSINIT                             00F3   0009 =      9. bytes (REL,CON,CODE)

      Value  Global
   --------  --------------------------------
  0C:00F3    A$httpd-param$1280
  0C:00F3    C$httpd_param.c$180$1$1
  0C:00F5    A$httpd-param$1284
  0C:00F5    C$httpd_param.c$181$1$1
  0C:00F7    A$httpd$1260
  0C:00F7    C$httpd.c$270$1$1
  0C:00FA    A$httpd$1261
  0C:00FB    A$httpd$1262

Hexadecimal

Area                               Addr   Size   Decimal Bytes (Attributes)
--------------------------------   ----   ----   ------- ----- ------------
GSFINAL                            00FC   0003 =      3. bytes (REL,CON,CODE)

      Value  Global
   --------  --------------------------------
  0C:00FC    A$main$1344

Hexadecimal

Area                               Addr   Size   Decimal Bytes (Attributes)
--------------------------------   ----   ----   ------- ----- ------------
CSEG                               00FF   79E4 =  31204. bytes (REL,CON,CODE)

      Value  Global
   --------  --------------------------------
  0C:00FF    A$smtp$1306
  0C:00FF    C$smtp.c$106$0$0
  0C:00FF    C$smtp.c$108$2$2
  0C:00FF    Fsmtp$smtp_thread$0$0
  0C:0102    A$smtp$1307
  0C:0103    A$smtp$1308
  0C:0104    A$smtp$1309
  0C:0105    A$smtp$1310
  0C:0106    A$smtp$1311
  0C:0107    A$smtp$1312
  0C:010A    A$smtp$1313
  0C:010D    A$smtp$1314
  0C:0110    A$smtp$1316
  0C:0113    A$smtp$1317
  0C:0116    A$smtp$1318
  0C:0119    A$smtp$1320
  0C:011C    A$smtp$1321
  0C:011F    A$smtp$1322
  0C:0122    A$smtp$1324
  0C:0125    A$smtp$1325
  0C:0128    A$smtp$1326
  0C:012B    A$smtp$1328
  0C:012E    A$smtp$1329
  0C:0131    A$smtp$1330
  0C:0134    A$smtp$1332
  0C:0137    A$smtp$1333
  0C:013A    A$smtp$1334
  0C:013D    A$smtp$1336
  0C:0140    A$smtp$1337
  0C:0143    A$smtp$1338
  0C:0146    A$smtp$1340
  0C:0149    A$smtp$1341
  0C:014C    A$smtp$1342
  0C:014F    A$smtp$1344
  0C:0152    A$smtp$1345
  0C:0155    A$smtp$1346
  0C:0158    A$smtp$1348
  0C:015B    A$smtp$1349
  0C:015E    A$smtp$1350
  0C:0161    A$smtp$1352
  0C:0164    A$smtp$1353
  0C:0167    A$smtp$1354
  0C:016A    A$smtp$1356
  0C:016D    A$smtp$1357
  0C:0170    A$smtp$1358
  0C:0173    A$smtp$1360
  0C:0176    A$smtp$1361
  0C:0179    A$smtp$1362
  0C:017C    A$smtp$1364
  0C:017F    A$smtp$1365
  0C:0182    A$smtp$1366
  0C:0185    A$smtp$1368
  0C:0188    A$smtp$1369
  0C:018B    A$smtp$1370
  0C:018E    A$smtp$1372
  0C:0191    A$smtp$1373
  0C:0194    A$smtp$1374
  0C:0197    A$smtp$1376
  0C:019A    A$smtp$1377
  0C:019D    A$smtp$1378
  0C:01A0    A$smtp$1380
  0C:01A3    A$smtp$1381
  0C:01A6    A$smtp$1382
  0C:01A9    A$smtp$1384
  0C:01AC    A$smtp$1385
  0C:01AF    A$smtp$1386
  0C:01B2    A$smtp$1388
  0C:01B5    A$smtp$1389
  0C:01B8    A$smtp$1390
  0C:01BB    A$smtp$1392
  0C:01BE    A$smtp$1393
  0C:01C1    A$smtp$1394
  0C:01C4    A$smtp$1396
  0C:01C7    A$smtp$1397
  0C:01CA    A$smtp$1398
  0C:01CD    A$smtp$1400
  0C:01D0    A$smtp$1401
  0C:01D3    A$smtp$1402
  0C:01D6    A$smtp$1404
  0C:01D9    A$smtp$1405
  0C:01DC    A$smtp$1406
  0C:01DF    A$smtp$1408
  0C:01E2    A$smtp$1409
  0C:01E5    A$smtp$1410
  0C:01E8    A$smtp$1412
  0C:01EB    A$smtp$1413
  0C:01EE    A$smtp$1414
  0C:01F1    A$smtp$1416
  0C:01F4    A$smtp$1417
  0C:01F7    A$smtp$1418
  0C:01FA    A$smtp$1420
  0C:01FD    A$smtp$1421
  0C:0200    A$smtp$1422
  0C:0203    A$smtp$1424
  0C:0206    A$smtp$1425
  0C:0209    A$smtp$1426
  0C:020C    A$smtp$1428
  0C:020F    A$smtp$1429
  0C:0212    A$smtp$1430
  0C:0215    A$smtp$1432
  0C:0218    A$smtp$1433
  0C:021B    A$smtp$1434
  0C:021E    A$smtp$1436
  0C:0221    A$smtp$1437
  0C:0224    A$smtp$1438
  0C:0227    A$smtp$1440
  0C:022A    A$smtp$1441
  0C:022D    A$smtp$1442
  0C:0230    A$smtp$1444
  0C:0233    A$smtp$1445
  0C:0236    A$smtp$1446
  0C:0239    A$smtp$1448
  0C:023C    A$smtp$1449
  0C:023F    A$smtp$1450
  0C:0242    A$smtp$1452
  0C:0245    A$smtp$1453
  0C:0248    A$smtp$1454
  0C:024B    A$smtp$1456
  0C:024E    A$smtp$1457
  0C:0251    A$smtp$1458
  0C:0254    A$smtp$1460
  0C:0257    A$smtp$1461
  0C:025A    A$smtp$1462
  0C:025D    A$smtp$1464
  0C:0260    A$smtp$1465
  0C:0263    A$smtp$1466
  0C:0266    A$smtp$1468
  0C:0269    A$smtp$1469
  0C:026C    A$smtp$1470
  0C:026F    A$smtp$1472
  0C:0272    A$smtp$1473
  0C:0275    A$smtp$1474
  0C:0278    A$smtp$1476
  0C:027B    A$smtp$1477
  0C:027E    A$smtp$1478
  0C:0281    A$smtp$1480
  0C:0284    A$smtp$1481
  0C:0287    A$smtp$1482
  0C:028A    A$smtp$1484
  0C:028D    A$smtp$1485
  0C:0290    A$smtp$1486
  0C:0293    A$smtp$1488
  0C:0296    A$smtp$1489
  0C:0299    A$smtp$1490
  0C:029C    A$smtp$1492
  0C:029F    A$smtp$1493
  0C:02A2    A$smtp$1494
  0C:02A5    A$smtp$1496
  0C:02A8    A$smtp$1497
  0C:02AB    A$smtp$1498
  0C:02AE    A$smtp$1500
  0C:02B1    A$smtp$1501
  0C:02B4    A$smtp$1502
  0C:02B7    A$smtp$1504
  0C:02BA    A$smtp$1505
  0C:02BD    A$smtp$1506
  0C:02C0    A$smtp$1508
  0C:02C3    A$smtp$1509
  0C:02C6    A$smtp$1510
  0C:02C9    A$smtp$1512
  0C:02CC    A$smtp$1513
  0C:02CF    A$smtp$1514
  0C:02D2    A$smtp$1516
  0C:02D5    A$smtp$1520
  0C:02D5    C$smtp.c$110$3$3
  0C:02D8    A$smtp$1521
  0C:02DA    A$smtp$1522
  0C:02DB    A$smtp$1523
  0C:02DC    A$smtp$1524
  0C:02DD    A$smtp$1525
  0C:02DE    A$smtp$1527
  0C:02E1    A$smtp$1528
  0C:02E3    A$smtp$1529
  0C:02E4    A$smtp$1530
  0C:02E7    A$smtp$1531
  0C:02EA    A$smtp$1532
  0C:02EC    A$smtp$1533
  0C:02EE    A$smtp$1534
  0C:02F0    A$smtp$1535
  0C:02F3    A$smtp$1536
  0C:02F5    A$smtp$1537
  0C:02F7    A$smtp$1538
  0C:02F9    A$smtp$1539
  0C:02FA    A$smtp$1543
  0C:02FA    C$smtp.c$112$3$3
  0C:02FD    A$smtp$1544
  0C:02FF    A$smtp$1545
  0C:0300    A$smtp$1546
  0C:0301    A$smtp$1547
  0C:0303    A$smtp$1548
  0C:0304    A$smtp$1549
  0C:0305    A$smtp$1550
  0C:0307    A$smtp$1551
  0C:0308    A$smtp$1552
  0C:030B    A$smtp$1553
  0C:030D    A$smtp$1554
  0C:030E    A$smtp$1555
  0C:030F    A$smtp$1556
  0C:0310    A$smtp$1557
  0C:0311    A$smtp$1558
  0C:0314    A$smtp$1559
  0C:0317    A$smtp$1560
  0C:031A    A$smtp$1561
  0C:031C    A$smtp$1562
  0C:031F    A$smtp$1563
  0C:0321    A$smtp$1564
  0C:0323    A$smtp$1567
  0C:0323    C$smtp.c$113$4$6
  0C:0326    A$smtp$1568
  0C:0328    A$smtp$1569
  0C:0329    A$smtp$1572
  0C:0329    C$smtp.c$114$4$6
  0C:032C    A$smtp$1573
  0C:032F    A$smtp$1576
  0C:032F    C$smtp.c$115$5$7
  0C:0332    A$smtp$1577
  0C:0333    A$smtp$1578
  0C:0334    A$smtp$1579
  0C:0335    A$smtp$1580
  0C:0336    A$smtp$1581
  0C:0339    A$smtp$1582
  0C:033A    A$smtp$1586
  0C:033A    C$smtp.c$118$3$3
  0C:033D    A$smtp$1587
  0C:033E    A$smtp$1588
  0C:0340    A$smtp$1589
  0C:0343    A$smtp$1593
  0C:0343    C$smtp.c$119$5$9
  0C:0346    A$smtp$1594
  0C:0348    A$smtp$1595
  0C:0349    A$smtp$1596
  0C:034A    A$smtp$1597
  0C:034B    A$smtp$1598
  0C:034C    A$smtp$1600
  0C:034F    A$smtp$1601
  0C:0352    A$smtp$1602
  0C:0355    A$smtp$1603
  0C:0357    A$smtp$1604
  0C:0359    A$smtp$1605
  0C:035C    A$smtp$1606
  0C:035E    A$smtp$1607
  0C:035F    A$smtp$1608
  0C:0360    A$smtp$1609
  0C:0362    A$smtp$1610
  0C:0363    A$smtp$1611
  0C:0364    A$smtp$1612
  0C:0366    A$smtp$1613
  0C:0367    A$smtp$1614
  0C:036A    A$smtp$1615
  0C:036B    A$smtp$1616
  0C:036C    A$smtp$1617
  0C:036D    A$smtp$1618
  0C:036E    A$smtp$1619
  0C:036F    A$smtp$1620
  0C:0372    A$smtp$1621
  0C:0375    A$smtp$1622
  0C:0377    A$smtp$1623
  0C:0379    A$smtp$1624
  0C:037B    A$smtp$1625
  0C:037E    A$smtp$1626
  0C:0380    A$smtp$1627
  0C:0382    A$smtp$1628
  0C:0384    A$smtp$1629
  0C:0385    A$smtp$1633
  0C:0385    C$smtp.c$120$5$11
  0C:0388    A$smtp$1634
  0C:038A    A$smtp$1635
  0C:038B    A$smtp$1636
  0C:038C    A$smtp$1637
  0C:038D    A$smtp$1638
  0C:038E    A$smtp$1640
  0C:0391    A$smtp$1641
  0C:0392    A$smtp$1642
  0C:0393    A$smtp$1643
  0C:0394    A$smtp$1644
  0C:0395    A$smtp$1645
  0C:0396    A$smtp$1646
  0C:0397    A$smtp$1647
  0C:0398    A$smtp$1648
  0C:0399    A$smtp$1649
  0C:039B    A$smtp$1650
  0C:039D    A$smtp$1651
  0C:039F    A$smtp$1652
  0C:03A1    A$smtp$1653
  0C:03A3    A$smtp$1654
  0C:03A5    A$smtp$1655
  0C:03A8    A$smtp$1656
  0C:03AA    A$smtp$1657
  0C:03AC    A$smtp$1658
  0C:03AE    A$smtp$1659
  0C:03B0    A$smtp$1660
  0C:03B2    A$smtp$1661
  0C:03B5    A$smtp$1662
  0C:03B6    A$smtp$1663
  0C:03B7    A$smtp$1664
  0C:03B8    A$smtp$1665
  0C:03B9    A$smtp$1666
  0C:03BA    A$smtp$1667
  0C:03BB    A$smtp$1668
  0C:03BC    A$smtp$1669
  0C:03BD    A$smtp$1670
  0C:03C0    A$smtp$1671
  0C:03C1    A$smtp$1672
  0C:03C2    A$smtp$1673
  0C:03C3    A$smtp$1674
  0C:03C4    A$smtp$1675
  0C:03C5    A$smtp$1676
  0C:03C8    A$smtp$1677
  0C:03CB    A$smtp$1678
  0C:03CD    A$smtp$1679
  0C:03CF    A$smtp$1680
  0C:03D1    A$smtp$1681
  0C:03D4    A$smtp$1682
  0C:03D6    A$smtp$1683
  0C:03D8    A$smtp$1684
  0C:03DA    A$smtp$1685
  0C:03DB    A$smtp$1689
  0C:03DB    C$smtp.c$121$5$13
  0C:03DE    A$smtp$1690
  0C:03E0    A$smtp$1691
  0C:03E1    A$smtp$1692
  0C:03E2    A$smtp$1693
  0C:03E3    A$smtp$1694
  0C:03E4    A$smtp$1696
  0C:03E7    A$smtp$1697
  0C:03EA    A$smtp$1698
  0C:03ED    A$smtp$1699
  0C:03EF    A$smtp$1700
  0C:03F1    A$smtp$1701
  0C:03F4    A$smtp$1702
  0C:03F6    A$smtp$1703
  0C:03F7    A$smtp$1704
  0C:03F8    A$smtp$1705
  0C:03FA    A$smtp$1706
  0C:03FB    A$smtp$1707
  0C:03FC    A$smtp$1708
  0C:03FE    A$smtp$1709
  0C:03FF    A$smtp$1710
  0C:0402    A$smtp$1711
  0C:0403    A$smtp$1712
  0C:0404    A$smtp$1713
  0C:0405    A$smtp$1714
  0C:0406    A$smtp$1715
  0C:0407    A$smtp$1716
  0C:040A    A$smtp$1717
  0C:040D    A$smtp$1718
  0C:040F    A$smtp$1719
  0C:0411    A$smtp$1720
  0C:0413    A$smtp$1721
  0C:0416    A$smtp$1722
  0C:0418    A$smtp$1723
  0C:041A    A$smtp$1724
  0C:041D    A$smtp$1726
  0C:0420    A$smtp$1727
  0C:0421    A$smtp$1731
  0C:0421    C$smtp.c$123$4$15
  0C:0424    A$smtp$1732
  0C:0426    A$smtp$1733
  0C:0427    A$smtp$1734
  0C:0428    A$smtp$1735
  0C:0429    A$smtp$1736
  0C:042A    A$smtp$1738
  0C:042D    A$smtp$1739
  0C:0430    A$smtp$1740
  0C:0433    A$smtp$1741
  0C:0435    A$smtp$1742
  0C:0437    A$smtp$1743
  0C:043A    A$smtp$1744
  0C:043C    A$smtp$1745
  0C:043D    A$smtp$1746
  0C:043E    A$smtp$1747
  0C:0440    A$smtp$1748
  0C:0441    A$smtp$1749
  0C:0442    A$smtp$1750
  0C:0444    A$smtp$1751
  0C:0445    A$smtp$1752
  0C:0448    A$smtp$1753
  0C:0449    A$smtp$1754
  0C:044A    A$smtp$1755
  0C:044B    A$smtp$1756
  0C:044C    A$smtp$1757
  0C:044D    A$smtp$1758
  0C:0450    A$smtp$1759
  0C:0453    A$smtp$1760
  0C:0455    A$smtp$1761
  0C:0457    A$smtp$1762
  0C:0459    A$smtp$1763
  0C:045C    A$smtp$1764
  0C:045E    A$smtp$1765
  0C:0460    A$smtp$1766
  0C:0462    A$smtp$1767
  0C:0463    A$smtp$1771
  0C:0463    C$smtp.c$124$5$18
  0C:0466    A$smtp$1772
  0C:0468    A$smtp$1773
  0C:0469    A$smtp$1774
  0C:046A    A$smtp$1775
  0C:046B    A$smtp$1776
  0C:046C    A$smtp$1778
  0C:046F    A$smtp$1779
  0C:0470    A$smtp$1780
  0C:0471    A$smtp$1781
  0C:0472    A$smtp$1782
  0C:0473    A$smtp$1783
  0C:0474    A$smtp$1784
  0C:0475    A$smtp$1785
  0C:0476    A$smtp$1786
  0C:0477    A$smtp$1787
  0C:0479    A$smtp$1788
  0C:047B    A$smtp$1789
  0C:047D    A$smtp$1790
  0C:047F    A$smtp$1791
  0C:0481    A$smtp$1792
  0C:0483    A$smtp$1793
  0C:0486    A$smtp$1794
  0C:0488    A$smtp$1795
  0C:048A    A$smtp$1796
  0C:048C    A$smtp$1797
  0C:048E    A$smtp$1798
  0C:0490    A$smtp$1799
  0C:0493    A$smtp$1800
  0C:0494    A$smtp$1801
  0C:0495    A$smtp$1802
  0C:0496    A$smtp$1803
  0C:0497    A$smtp$1804
  0C:0498    A$smtp$1805
  0C:0499    A$smtp$1806
  0C:049A    A$smtp$1807
  0C:049B    A$smtp$1808
  0C:049E    A$smtp$1809
  0C:049F    A$smtp$1810
  0C:04A0    A$smtp$1811
  0C:04A1    A$smtp$1812
  0C:04A2    A$smtp$1813
  0C:04A3    A$smtp$1814
  0C:04A6    A$smtp$1815
  0C:04A9    A$smtp$1816
  0C:04AB    A$smtp$1817
  0C:04AD    A$smtp$1818
  0C:04AF    A$smtp$1819
  0C:04B2    A$smtp$1820
  0C:04B4    A$smtp$1821
  0C:04B6    A$smtp$1822
  0C:04B8    A$smtp$1823
  0C:04B9    A$smtp$1827
  0C:04B9    C$smtp.c$125$5$20
  0C:04BC    A$smtp$1828
  0C:04BE    A$smtp$1829
  0C:04BF    A$smtp$1830
  0C:04C0    A$smtp$1831
  0C:04C1    A$smtp$1832
  0C:04C2    A$smtp$1834
  0C:04C5    A$smtp$1835
  0C:04C8    A$smtp$1836
  0C:04CB    A$smtp$1837
  0C:04CD    A$smtp$1838
  0C:04CF    A$smtp$1839
  0C:04D2    A$smtp$1840
  0C:04D4    A$smtp$1841
  0C:04D5    A$smtp$1842
  0C:04D6    A$smtp$1843
  0C:04D8    A$smtp$1844
  0C:04D9    A$smtp$1845
  0C:04DA    A$smtp$1846
  0C:04DC    A$smtp$1847
  0C:04DD    A$smtp$1848
  0C:04E0    A$smtp$1849
  0C:04E1    A$smtp$1850
  0C:04E2    A$smtp$1851
  0C:04E3    A$smtp$1852
  0C:04E4    A$smtp$1853
  0C:04E5    A$smtp$1854
  0C:04E8    A$smtp$1855
  0C:04EB    A$smtp$1856
  0C:04ED    A$smtp$1857
  0C:04EF    A$smtp$1858
  0C:04F1    A$smtp$1859
  0C:04F4    A$smtp$1860
  0C:04F6    A$smtp$1861
  0C:04F8    A$smtp$1862
  0C:04FA    A$smtp$1863
  0C:04FB    A$smtp$1867
  0C:04FB    C$smtp.c$129$5$22
  0C:04FE    A$smtp$1868
  0C:0500    A$smtp$1869
  0C:0501    A$smtp$1870
  0C:0502    A$smtp$1871
  0C:0503    A$smtp$1872
  0C:0504    A$smtp$1874
  0C:0507    A$smtp$1875
  0C:0509    A$smtp$1876
  0C:050A    A$smtp$1877
  0C:050D    A$smtp$1878
  0C:0510    A$smtp$1879
  0C:0512    A$smtp$1880
  0C:0514    A$smtp$1881
  0C:0516    A$smtp$1882
  0C:0519    A$smtp$1883
  0C:051B    A$smtp$1884
  0C:051D    A$smtp$1885
  0C:051F    A$smtp$1886
  0C:0520    A$smtp$1890
  0C:0520    C$smtp.c$130$4$15
  0C:0523    A$smtp$1891
  0C:0525    A$smtp$1892
  0C:0526    A$smtp$1893
  0C:0527    A$smtp$1894
  0C:0529    A$smtp$1895
  0C:052A    A$smtp$1896
  0C:052B    A$smtp$1897
  0C:052D    A$smtp$1898
  0C:052E    A$smtp$1899
  0C:0531    A$smtp$1900
  0C:0533    A$smtp$1901
  0C:0534    A$smtp$1902
  0C:0535    A$smtp$1903
  0C:0536    A$smtp$1904
  0C:0537    A$smtp$1905
  0C:053A    A$smtp$1906
  0C:053D    A$smtp$1907
  0C:0540    A$smtp$1908
  0C:0542    A$smtp$1909
  0C:0545    A$smtp$1910
  0C:0547    A$smtp$1911
  0C:0549    A$smtp$1914
  0C:0549    C$smtp.c$132$5$25
  0C:054C    A$smtp$1915
  0C:054E    A$smtp$1916
  0C:054F    A$smtp$1917
  0C:0550    A$smtp$1918
  0C:0551    A$smtp$1919
  0C:0552    A$smtp$1921
  0C:0555    A$smtp$1922
  0C:0558    A$smtp$1923
  0C:055B    A$smtp$1924
  0C:055D    A$smtp$1925
  0C:055F    A$smtp$1926
  0C:0562    A$smtp$1927
  0C:0564    A$smtp$1928
  0C:0565    A$smtp$1929
  0C:0566    A$smtp$1930
  0C:0568    A$smtp$1931
  0C:0569    A$smtp$1932
  0C:056A    A$smtp$1933
  0C:056C    A$smtp$1934
  0C:056D    A$smtp$1935
  0C:0570    A$smtp$1936
  0C:0571    A$smtp$1937
  0C:0572    A$smtp$1938
  0C:0573    A$smtp$1939
  0C:0574    A$smtp$1940
  0C:0575    A$smtp$1941
  0C:0578    A$smtp$1942
  0C:057B    A$smtp$1943
  0C:057D    A$smtp$1944
  0C:057F    A$smtp$1945
  0C:0581    A$smtp$1946
  0C:0584    A$smtp$1947
  0C:0586    A$smtp$1948
  0C:0588    A$smtp$1949
  0C:058A    A$smtp$1950
  0C:058B    A$smtp$1954
  0C:058B    C$smtp.c$133$5$27
  0C:058E    A$smtp$1955
  0C:0590    A$smtp$1956
  0C:0591    A$smtp$1957
  0C:0592    A$smtp$1958
  0C:0593    A$smtp$1959
  0C:0594    A$smtp$1961
  0C:0597    A$smtp$1962
  0C:059A    A$smtp$1963
  0C:059D    A$smtp$1964
  0C:059F    A$smtp$1965
  0C:05A1    A$smtp$1966
  0C:05A4    A$smtp$1967
  0C:05A6    A$smtp$1968
  0C:05A7    A$smtp$1969
  0C:05A8    A$smtp$1970
  0C:05AA    A$smtp$1971
  0C:05AB    A$smtp$1972
  0C:05AC    A$smtp$1973
  0C:05AE    A$smtp$1974
  0C:05AF    A$smtp$1975
  0C:05B2    A$smtp$1976
  0C:05B3    A$smtp$1977
  0C:05B4    A$smtp$1978
  0C:05B5    A$smtp$1979
  0C:05B6    A$smtp$1980
  0C:05B7    A$smtp$1981
  0C:05BA    A$smtp$1982
  0C:05BD    A$smtp$1983
  0C:05BF    A$smtp$1984
  0C:05C1    A$smtp$1985
  0C:05C3    A$smtp$1986
  0C:05C6    A$smtp$1987
  0C:05C8    A$smtp$1988
  0C:05CA    A$smtp$1989
  0C:05CC    A$smtp$1990
  0C:05CD    A$smtp$1994
  0C:05CD    C$smtp.c$135$5$29
  0C:05D0    A$smtp$1995
  0C:05D2    A$smtp$1996
  0C:05D3    A$smtp$1997
  0C:05D4    A$smtp$1998
  0C:05D5    A$smtp$1999
  0C:05D6    A$smtp$2001
  0C:05D9    A$smtp$2002
  0C:05DB    A$smtp$2003
  0C:05DC    A$smtp$2004
  0C:05DF    A$smtp$2005
  0C:05E2    A$smtp$2006
  0C:05E4    A$smtp$2007
  0C:05E6    A$smtp$2008
  0C:05E8    A$smtp$2009
  0C:05EB    A$smtp$2010
  0C:05ED    A$smtp$2011
  0C:05EF    A$smtp$2012
  0C:05F1    A$smtp$2013
  0C:05F2    A$smtp$2017
  0C:05F2    C$smtp.c$138$4$15
  0C:05F5    A$smtp$2018
  0C:05F7    A$smtp$2019
  0C:05F8    A$smtp$2020
  0C:05F9    A$smtp$2021
  0C:05FB    A$smtp$2022
  0C:05FC    A$smtp$2023
  0C:05FD    A$smtp$2024
  0C:05FF    A$smtp$2025
  0C:0600    A$smtp$2026
  0C:0603    A$smtp$2027
  0C:0605    A$smtp$2028
  0C:0606    A$smtp$2029
  0C:0607    A$smtp$2030
  0C:0608    A$smtp$2031
  0C:0609    A$smtp$2032
  0C:060C    A$smtp$2033
  0C:060F    A$smtp$2034
  0C:0612    A$smtp$2035
  0C:0614    A$smtp$2036
  0C:0617    A$smtp$2037
  0C:0619    A$smtp$2038
  0C:061B    A$smtp$2041
  0C:061B    C$smtp.c$139$5$31
  0C:061E    A$smtp$2042
  0C:061F    A$smtp$2043
  0C:0620    A$smtp$2046
  0C:0620    C$smtp.c$140$5$31
  0C:0623    A$smtp$2047
  0C:0625    A$smtp$2048
  0C:0626    A$smtp$2051
  0C:0626    C$smtp.c$141$5$31
  0C:0629    A$smtp$2052
  0C:062C    A$smtp$2055
  0C:062C    C$smtp.c$142$6$32
  0C:062F    A$smtp$2056
  0C:0630    A$smtp$2057
  0C:0631    A$smtp$2058
  0C:0632    A$smtp$2059
  0C:0633    A$smtp$2060
  0C:0636    A$smtp$2061
  0C:0637    A$smtp$2065
  0C:0637    C$smtp.c$146$4$15
  0C:063A    A$smtp$2066
  0C:063C    A$smtp$2067
  0C:063D    A$smtp$2068
  0C:063E    A$smtp$2069
  0C:0640    A$smtp$2070
  0C:0641    A$smtp$2071
  0C:0642    A$smtp$2072
  0C:0643    A$smtp$2073
  0C:0644    A$smtp$2074
  0C:0647    A$smtp$2075
  0C:064A    A$smtp$2076
  0C:064D    A$smtp$2079
  0C:064D    C$smtp.c$147$5$33
  0C:0650    A$smtp$2080
  0C:0652    A$smtp$2081
  0C:0653    A$smtp$2082
  0C:0654    A$smtp$2083
  0C:0655    A$smtp$2084
  0C:0656    A$smtp$2086
  0C:0659    A$smtp$2087
  0C:065C    A$smtp$2088
  0C:065F    A$smtp$2089
  0C:0661    A$smtp$2090
  0C:0663    A$smtp$2091
  0C:0666    A$smtp$2092
  0C:0668    A$smtp$2093
  0C:0669    A$smtp$2094
  0C:066A    A$smtp$2095
  0C:066C    A$smtp$2096
  0C:066D    A$smtp$2097
  0C:066E    A$smtp$2098
  0C:066F    A$smtp$2099
  0C:0670    A$smtp$2100
  0C:0673    A$smtp$2101
  0C:0674    A$smtp$2102
  0C:0675    A$smtp$2103
  0C:0676    A$smtp$2104
  0C:0677    A$smtp$2105
  0C:0678    A$smtp$2106
  0C:067B    A$smtp$2107
  0C:067E    A$smtp$2108
  0C:0680    A$smtp$2109
  0C:0682    A$smtp$2110
  0C:0684    A$smtp$2111
  0C:0687    A$smtp$2112
  0C:0689    A$smtp$2113
  0C:068B    A$smtp$2114
  0C:068D    A$smtp$2115
  0C:068E    A$smtp$2119
  0C:068E    C$smtp.c$148$5$35
  0C:0691    A$smtp$2120
  0C:0693    A$smtp$2121
  0C:0694    A$smtp$2122
  0C:0695    A$smtp$2123
  0C:0696    A$smtp$2124
  0C:0697    A$smtp$2126
  0C:069A    A$smtp$2127
  0C:069D    A$smtp$2128
  0C:06A0    A$smtp$2129
  0C:06A2    A$smtp$2130
  0C:06A4    A$smtp$2131
  0C:06A7    A$smtp$2132
  0C:06A9    A$smtp$2133
  0C:06AA    A$smtp$2134
  0C:06AB    A$smtp$2135
  0C:06AD    A$smtp$2136
  0C:06AE    A$smtp$2137
  0C:06AF    A$smtp$2138
  0C:06B1    A$smtp$2139
  0C:06B2    A$smtp$2140
  0C:06B5    A$smtp$2141
  0C:06B6    A$smtp$2142
  0C:06B7    A$smtp$2143
  0C:06B8    A$smtp$2144
  0C:06B9    A$smtp$2145
  0C:06BA    A$smtp$2146
  0C:06BD    A$smtp$2147
  0C:06C0    A$smtp$2148
  0C:06C2    A$smtp$2149
  0C:06C4    A$smtp$2150
  0C:06C6    A$smtp$2151
  0C:06C9    A$smtp$2152
  0C:06CB    A$smtp$2153
  0C:06CD    A$smtp$2154
  0C:06CF    A$smtp$2155
  0C:06D0    A$smtp$2159
  0C:06D0    C$smtp.c$150$5$37
  0C:06D3    A$smtp$2160
  0C:06D5    A$smtp$2161
  0C:06D6    A$smtp$2162
  0C:06D7    A$smtp$2163
  0C:06D8    A$smtp$2164
  0C:06D9    A$smtp$2166
  0C:06DC    A$smtp$2167
  0C:06DE    A$smtp$2168
  0C:06DF    A$smtp$2169
  0C:06E2    A$smtp$2170
  0C:06E5    A$smtp$2171
  0C:06E7    A$smtp$2172
  0C:06E9    A$smtp$2173
  0C:06EB    A$smtp$2174
  0C:06EE    A$smtp$2175
  0C:06F0    A$smtp$2176
  0C:06F2    A$smtp$2177
  0C:06F4    A$smtp$2178
  0C:06F5    A$smtp$2182
  0C:06F5    C$smtp.c$153$4$15
  0C:06F8    A$smtp$2183
  0C:06FA    A$smtp$2184
  0C:06FB    A$smtp$2185
  0C:06FC    A$smtp$2186
  0C:06FE    A$smtp$2187
  0C:06FF    A$smtp$2188
  0C:0700    A$smtp$2189
  0C:0702    A$smtp$2190
  0C:0703    A$smtp$2191
  0C:0706    A$smtp$2192
  0C:0708    A$smtp$2193
  0C:0709    A$smtp$2194
  0C:070A    A$smtp$2195
  0C:070B    A$smtp$2196
  0C:070C    A$smtp$2197
  0C:070F    A$smtp$2198
  0C:0712    A$smtp$2199
  0C:0715    A$smtp$2200
  0C:0717    A$smtp$2201
  0C:071A    A$smtp$2202
  0C:071C    A$smtp$2203
  0C:071E    A$smtp$2206
  0C:071E    C$smtp.c$154$5$39
  0C:0721    A$smtp$2207
  0C:0722    A$smtp$2208
  0C:0723    A$smtp$2211
  0C:0723    C$smtp.c$155$5$39
  0C:0726    A$smtp$2212
  0C:0728    A$smtp$2213
  0C:0729    A$smtp$2216
  0C:0729    C$smtp.c$156$5$39
  0C:072C    A$smtp$2217
  0C:072F    A$smtp$2220
  0C:072F    C$smtp.c$157$6$40
  0C:0732    A$smtp$2221
  0C:0733    A$smtp$2222
  0C:0734    A$smtp$2223
  0C:0735    A$smtp$2224
  0C:0736    A$smtp$2225
  0C:0739    A$smtp$2226
  0C:073A    A$smtp$2230
  0C:073A    C$smtp.c$161$4$15
  0C:073D    A$smtp$2231
  0C:073F    A$smtp$2232
  0C:0740    A$smtp$2233
  0C:0741    A$smtp$2234
  0C:0743    A$smtp$2235
  0C:0744    A$smtp$2236
  0C:0745    A$smtp$2237
  0C:0746    A$smtp$2238
  0C:0747    A$smtp$2239
  0C:074A    A$smtp$2240
  0C:074D    A$smtp$2241
  0C:0750    A$smtp$2244
  0C:0750    C$smtp.c$162$5$41
  0C:0753    A$smtp$2245
  0C:0755    A$smtp$2246
  0C:0756    A$smtp$2247
  0C:0757    A$smtp$2248
  0C:0758    A$smtp$2249
  0C:0759    A$smtp$2251
  0C:075C    A$smtp$2252
  0C:075F    A$smtp$2253
  0C:0762    A$smtp$2254
  0C:0764    A$smtp$2255
  0C:0766    A$smtp$2256
  0C:0769    A$smtp$2257
  0C:076B    A$smtp$2258
  0C:076C    A$smtp$2259
  0C:076D    A$smtp$2260
  0C:076F    A$smtp$2261
  0C:0770    A$smtp$2262
  0C:0771    A$smtp$2263
  0C:0772    A$smtp$2264
  0C:0773    A$smtp$2265
  0C:0776    A$smtp$2266
  0C:0777    A$smtp$2267
  0C:0778    A$smtp$2268
  0C:0779    A$smtp$2269
  0C:077A    A$smtp$2270
  0C:077B    A$smtp$2271
  0C:077E    A$smtp$2272
  0C:0781    A$smtp$2273
  0C:0783    A$smtp$2274
  0C:0785    A$smtp$2275
  0C:0787    A$smtp$2276
  0C:078A    A$smtp$2277
  0C:078C    A$smtp$2278
  0C:078E    A$smtp$2279
  0C:0790    A$smtp$2280
  0C:0791    A$smtp$2284
  0C:0791    C$smtp.c$163$5$43
  0C:0794    A$smtp$2285
  0C:0796    A$smtp$2286
  0C:0797    A$smtp$2287
  0C:0798    A$smtp$2288
  0C:0799    A$smtp$2289
  0C:079A    A$smtp$2291
  0C:079D    A$smtp$2292
  0C:07A0    A$smtp$2293
  0C:07A3    A$smtp$2294
  0C:07A5    A$smtp$2295
  0C:07A7    A$smtp$2296
  0C:07AA    A$smtp$2297
  0C:07AC    A$smtp$2298
  0C:07AD    A$smtp$2299
  0C:07AE    A$smtp$2300
  0C:07B0    A$smtp$2301
  0C:07B1    A$smtp$2302
  0C:07B2    A$smtp$2303
  0C:07B4    A$smtp$2304
  0C:07B5    A$smtp$2305
  0C:07B8    A$smtp$2306
  0C:07B9    A$smtp$2307
  0C:07BA    A$smtp$2308
  0C:07BB    A$smtp$2309
  0C:07BC    A$smtp$2310
  0C:07BD    A$smtp$2311
  0C:07C0    A$smtp$2312
  0C:07C3    A$smtp$2313
  0C:07C5    A$smtp$2314
  0C:07C7    A$smtp$2315
  0C:07C9    A$smtp$2316
  0C:07CC    A$smtp$2317
  0C:07CE    A$smtp$2318
  0C:07D0    A$smtp$2319
  0C:07D2    A$smtp$2320
  0C:07D3    A$smtp$2324
  0C:07D3    C$smtp.c$166$5$45
  0C:07D6    A$smtp$2325
  0C:07D8    A$smtp$2326
  0C:07D9    A$smtp$2327
  0C:07DA    A$smtp$2328
  0C:07DB    A$smtp$2329
  0C:07DC    A$smtp$2331
  0C:07DF    A$smtp$2332
  0C:07E1    A$smtp$2333
  0C:07E2    A$smtp$2334
  0C:07E5    A$smtp$2335
  0C:07E8    A$smtp$2336
  0C:07EA    A$smtp$2337
  0C:07EC    A$smtp$2338
  0C:07EE    A$smtp$2339
  0C:07F1    A$smtp$2340
  0C:07F3    A$smtp$2341
  0C:07F5    A$smtp$2342
  0C:07F7    A$smtp$2343
  0C:07F8    A$smtp$2347
  0C:07F8    C$smtp.c$168$4$15
  0C:07FB    A$smtp$2348
  0C:07FD    A$smtp$2349
  0C:07FE    A$smtp$2350
  0C:07FF    A$smtp$2351
  0C:0801    A$smtp$2352
  0C:0802    A$smtp$2353
  0C:0803    A$smtp$2354
  0C:0805    A$smtp$2355
  0C:0806    A$smtp$2356
  0C:0809    A$smtp$2357
  0C:080B    A$smtp$2358
  0C:080C    A$smtp$2359
  0C:080D    A$smtp$2360
  0C:080E    A$smtp$2361
  0C:080F    A$smtp$2362
  0C:0812    A$smtp$2363
  0C:0815    A$smtp$2364
  0C:0818    A$smtp$2365
  0C:081A    A$smtp$2366
  0C:081D    A$smtp$2367
  0C:081F    A$smtp$2368
  0C:0821    A$smtp$2371
  0C:0821    C$smtp.c$169$5$47
  0C:0824    A$smtp$2372
  0C:0825    A$smtp$2373
  0C:0826    A$smtp$2376
  0C:0826    C$smtp.c$170$5$47
  0C:0829    A$smtp$2377
  0C:082B    A$smtp$2378
  0C:082C    A$smtp$2381
  0C:082C    C$smtp.c$171$5$47
  0C:082F    A$smtp$2382
  0C:0832    A$smtp$2385
  0C:0832    C$smtp.c$172$6$48
  0C:0835    A$smtp$2386
  0C:0836    A$smtp$2387
  0C:0837    A$smtp$2388
  0C:0838    A$smtp$2389
  0C:0839    A$smtp$2390
  0C:083C    A$smtp$2391
  0C:083D    A$smtp$2395
  0C:083D    C$smtp.c$177$3$3
  0C:0840    A$smtp$2396
  0C:0842    A$smtp$2397
  0C:0843    A$smtp$2398
  0C:0844    A$smtp$2399
  0C:0845    A$smtp$2400
  0C:0846    A$smtp$2402
  0C:0849    A$smtp$2403
  0C:084C    A$smtp$2404
  0C:084F    A$smtp$2405
  0C:0851    A$smtp$2406
  0C:0853    A$smtp$2407
  0C:0856    A$smtp$2408
  0C:0858    A$smtp$2409
  0C:0859    A$smtp$2410
  0C:085A    A$smtp$2411
  0C:085C    A$smtp$2412
  0C:085D    A$smtp$2413
  0C:085E    A$smtp$2414
  0C:0860    A$smtp$2415
  0C:0861    A$smtp$2416
  0C:0864    A$smtp$2417
  0C:0865    A$smtp$2418
  0C:0866    A$smtp$2419
  0C:0867    A$smtp$2420
  0C:0868    A$smtp$2421
  0C:0869    A$smtp$2422
  0C:086C    A$smtp$2423
  0C:086F    A$smtp$2424
  0C:0871    A$smtp$2425
  0C:0873    A$smtp$2426
  0C:0875    A$smtp$2427
  0C:0878    A$smtp$2428
  0C:087A    A$smtp$2429
  0C:087C    A$smtp$2430
  0C:087E    A$smtp$2431
  0C:087F    A$smtp$2435
  0C:087F    C$smtp.c$178$4$51
  0C:0882    A$smtp$2436
  0C:0884    A$smtp$2437
  0C:0885    A$smtp$2438
  0C:0886    A$smtp$2439
  0C:0887    A$smtp$2440
  0C:0888    A$smtp$2442
  0C:088B    A$smtp$2443
  0C:088C    A$smtp$2444
  0C:088D    A$smtp$2445
  0C:088E    A$smtp$2446
  0C:088F    A$smtp$2447
  0C:0890    A$smtp$2448
  0C:0891    A$smtp$2449
  0C:0892    A$smtp$2450
  0C:0893    A$smtp$2451
  0C:0895    A$smtp$2452
  0C:0897    A$smtp$2453
  0C:0899    A$smtp$2454
  0C:089B    A$smtp$2455
  0C:089D    A$smtp$2456
  0C:089F    A$smtp$2457
  0C:08A2    A$smtp$2458
  0C:08A4    A$smtp$2459
  0C:08A6    A$smtp$2460
  0C:08A8    A$smtp$2461
  0C:08AA    A$smtp$2462
  0C:08AC    A$smtp$2463
  0C:08AF    A$smtp$2464
  0C:08B0    A$smtp$2465
  0C:08B1    A$smtp$2466
  0C:08B2    A$smtp$2467
  0C:08B3    A$smtp$2468
  0C:08B4    A$smtp$2469
  0C:08B5    A$smtp$2470
  0C:08B6    A$smtp$2471
  0C:08B7    A$smtp$2472
  0C:08BA    A$smtp$2473
  0C:08BB    A$smtp$2474
  0C:08BC    A$smtp$2475
  0C:08BD    A$smtp$2476
  0C:08BE    A$smtp$2477
  0C:08BF    A$smtp$2478
  0C:08C2    A$smtp$2479
  0C:08C5    A$smtp$2480
  0C:08C7    A$smtp$2481
  0C:08C9    A$smtp$2482
  0C:08CB    A$smtp$2483
  0C:08CE    A$smtp$2484
  0C:08D0    A$smtp$2485
  0C:08D2    A$smtp$2486
  0C:08D4    A$smtp$2487
  0C:08D5    A$smtp$2491
  0C:08D5    C$smtp.c$181$4$53
  0C:08D8    A$smtp$2492
  0C:08DA    A$smtp$2493
  0C:08DB    A$smtp$2494
  0C:08DC    A$smtp$2495
  0C:08DD    A$smtp$2496
  0C:08DE    A$smtp$2498
  0C:08E1    A$smtp$2499
  0C:08E4    A$smtp$2500
  0C:08E7    A$smtp$2501
  0C:08E9    A$smtp$2502
  0C:08EB    A$smtp$2503
  0C:08EE    A$smtp$2504
  0C:08F0    A$smtp$2505
  0C:08F1    A$smtp$2506
  0C:08F2    A$smtp$2507
  0C:08F4    A$smtp$2508
  0C:08F5    A$smtp$2509
  0C:08F6    A$smtp$2510
  0C:08F8    A$smtp$2511
  0C:08F9    A$smtp$2512
  0C:08FC    A$smtp$2513
  0C:08FD    A$smtp$2514
  0C:08FE    A$smtp$2515
  0C:08FF    A$smtp$2516
  0C:0900    A$smtp$2517
  0C:0901    A$smtp$2518
  0C:0904    A$smtp$2519
  0C:0907    A$smtp$2520
  0C:0909    A$smtp$2521
  0C:090B    A$smtp$2522
  0C:090D    A$smtp$2523
  0C:0910    A$smtp$2524
  0C:0912    A$smtp$2525
  0C:0914    A$smtp$2526
  0C:0916    A$smtp$2527
  0C:0917    A$smtp$2531
  0C:0917    C$smtp.c$183$4$55
  0C:091A    A$smtp$2532
  0C:091C    A$smtp$2533
  0C:091D    A$smtp$2534
  0C:091E    A$smtp$2535
  0C:091F    A$smtp$2536
  0C:0920    A$smtp$2538
  0C:0923    A$smtp$2539
  0C:0925    A$smtp$2540
  0C:0926    A$smtp$2541
  0C:0929    A$smtp$2542
  0C:092C    A$smtp$2543
  0C:092E    A$smtp$2544
  0C:0930    A$smtp$2545
  0C:0932    A$smtp$2546
  0C:0935    A$smtp$2547
  0C:0937    A$smtp$2548
  0C:0939    A$smtp$2549
  0C:093B    A$smtp$2550
  0C:093C    A$smtp$2554
  0C:093C    C$smtp.c$185$3$3
  0C:093F    A$smtp$2555
  0C:0940    A$smtp$2556
  0C:0941    A$smtp$2557
  0C:0944    A$smtp$2558
  0C:0946    A$smtp$2562
  0C:0946    C$smtp.c$186$4$57
  0C:0949    A$smtp$2563
  0C:094B    A$smtp$2564
  0C:094C    A$smtp$2567
  0C:094C    C$smtp.c$187$4$57
  0C:094F    A$smtp$2568
  0C:0952    A$smtp$2571
  0C:0952    C$smtp.c$188$5$58
  0C:0955    A$smtp$2572
  0C:0956    A$smtp$2573
  0C:0957    A$smtp$2574
  0C:0958    A$smtp$2575
  0C:0959    A$smtp$2576
  0C:095C    A$smtp$2577
  0C:095D    A$smtp$2581
  0C:095D    C$smtp.c$191$3$3
  0C:0960    A$smtp$2582
  0C:0962    A$smtp$2583
  0C:0963    A$smtp$2584
  0C:0964    A$smtp$2585
  0C:0965    A$smtp$2586
  0C:0966    A$smtp$2588
  0C:0969    A$smtp$2589
  0C:096C    A$smtp$2590
  0C:096F    A$smtp$2591
  0C:0971    A$smtp$2592
  0C:0973    A$smtp$2593
  0C:0976    A$smtp$2594
  0C:0978    A$smtp$2595
  0C:0979    A$smtp$2596
  0C:097A    A$smtp$2597
  0C:097C    A$smtp$2598
  0C:097D    A$smtp$2599
  0C:097E    A$smtp$2600
  0C:0980    A$smtp$2601
  0C:0981    A$smtp$2602
  0C:0984    A$smtp$2603
  0C:0985    A$smtp$2604
  0C:0986    A$smtp$2605
  0C:0987    A$smtp$2606
  0C:0988    A$smtp$2607
  0C:0989    A$smtp$2608
  0C:098C    A$smtp$2609
  0C:098F    A$smtp$2610
  0C:0991    A$smtp$2611
  0C:0993    A$smtp$2612
  0C:0995    A$smtp$2613
  0C:0998    A$smtp$2614
  0C:099A    A$smtp$2615
  0C:099C    A$smtp$2616
  0C:099E    A$smtp$2617
  0C:099F    A$smtp$2621
  0C:099F    C$smtp.c$192$4$61
  0C:09A2    A$smtp$2622
  0C:09A4    A$smtp$2623
  0C:09A5    A$smtp$2624
  0C:09A6    A$smtp$2625
  0C:09A7    A$smtp$2626
  0C:09A8    A$smtp$2628
  0C:09AB    A$smtp$2629
  0C:09AC    A$smtp$2630
  0C:09AD    A$smtp$2631
  0C:09AE    A$smtp$2632
  0C:09AF    A$smtp$2633
  0C:09B0    A$smtp$2634
  0C:09B1    A$smtp$2635
  0C:09B2    A$smtp$2636
  0C:09B3    A$smtp$2637
  0C:09B5    A$smtp$2638
  0C:09B7    A$smtp$2639
  0C:09B9    A$smtp$2640
  0C:09BB    A$smtp$2641
  0C:09BD    A$smtp$2642
  0C:09BF    A$smtp$2643
  0C:09C2    A$smtp$2644
  0C:09C4    A$smtp$2645
  0C:09C6    A$smtp$2646
  0C:09C8    A$smtp$2647
  0C:09CA    A$smtp$2648
  0C:09CC    A$smtp$2649
  0C:09CF    A$smtp$2650
  0C:09D0    A$smtp$2651
  0C:09D1    A$smtp$2652
  0C:09D2    A$smtp$2653
  0C:09D3    A$smtp$2654
  0C:09D4    A$smtp$2655
  0C:09D5    A$smtp$2656
  0C:09D6    A$smtp$2657
  0C:09D7    A$smtp$2658
  0C:09DA    A$smtp$2659
  0C:09DB    A$smtp$2660
  0C:09DC    A$smtp$2661
  0C:09DD    A$smtp$2662
  0C:09DE    A$smtp$2663
  0C:09DF    A$smtp$2664
  0C:09E2    A$smtp$2665
  0C:09E5    A$smtp$2666
  0C:09E7    A$smtp$2667
  0C:09E9    A$smtp$2668
  0C:09EB    A$smtp$2669
  0C:09EE    A$smtp$2670
  0C:09F0    A$smtp$2671
  0C:09F2    A$smtp$2672
  0C:09F4    A$smtp$2673
  0C:09F5    A$smtp$2677
  0C:09F5    C$smtp.c$193$4$63
  0C:09F8    A$smtp$2678
  0C:09FA    A$smtp$2679
  0C:09FB    A$smtp$2680
  0C:09FC    A$smtp$2681
  0C:09FD    A$smtp$2682
  0C:09FE    A$smtp$2684
  0C:0A01    A$smtp$2685
  0C:0A04    A$smtp$2686
  0C:0A07    A$smtp$2687
  0C:0A09    A$smtp$2688
  0C:0A0B    A$smtp$2689
  0C:0A0E    A$smtp$2690
  0C:0A10    A$smtp$2691
  0C:0A11    A$smtp$2692
  0C:0A12    A$smtp$2693
  0C:0A14    A$smtp$2694
  0C:0A15    A$smtp$2695
  0C:0A16    A$smtp$2696
  0C:0A18    A$smtp$2697
  0C:0A19    A$smtp$2698
  0C:0A1C    A$smtp$2699
  0C:0A1D    A$smtp$2700
  0C:0A1E    A$smtp$2701
  0C:0A1F    A$smtp$2702
  0C:0A20    A$smtp$2703
  0C:0A21    A$smtp$2704
  0C:0A24    A$smtp$2705
  0C:0A27    A$smtp$2706
  0C:0A29    A$smtp$2707
  0C:0A2B    A$smtp$2708
  0C:0A2D    A$smtp$2709
  0C:0A30    A$smtp$2710
  0C:0A32    A$smtp$2711
  0C:0A34    A$smtp$2712
  0C:0A36    A$smtp$2713
  0C:0A37    A$smtp$2717
  0C:0A37    C$smtp.c$195$4$65
  0C:0A3A    A$smtp$2718
  0C:0A3C    A$smtp$2719
  0C:0A3D    A$smtp$2720
  0C:0A3E    A$smtp$2721
  0C:0A3F    A$smtp$2722
  0C:0A40    A$smtp$2724
  0C:0A43    A$smtp$2725
  0C:0A45    A$smtp$2726
  0C:0A46    A$smtp$2727
  0C:0A49    A$smtp$2728
  0C:0A4C    A$smtp$2729
  0C:0A4E    A$smtp$2730
  0C:0A50    A$smtp$2731
  0C:0A52    A$smtp$2732
  0C:0A55    A$smtp$2733
  0C:0A57    A$smtp$2734
  0C:0A59    A$smtp$2735
  0C:0A5B    A$smtp$2736
  0C:0A5C    A$smtp$2740
  0C:0A5C    C$smtp.c$197$3$3
  0C:0A5F    A$smtp$2741
  0C:0A60    A$smtp$2742
  0C:0A61    A$smtp$2743
  0C:0A64    A$smtp$2744
  0C:0A66    A$smtp$2748
  0C:0A66    C$smtp.c$198$4$67
  0C:0A69    A$smtp$2749
  0C:0A6B    A$smtp$2750
  0C:0A6C    A$smtp$2753
  0C:0A6C    C$smtp.c$199$4$67
  0C:0A6F    A$smtp$2754
  0C:0A72    A$smtp$2757
  0C:0A72    C$smtp.c$200$5$68
  0C:0A75    A$smtp$2758
  0C:0A76    A$smtp$2759
  0C:0A77    A$smtp$2760
  0C:0A78    A$smtp$2761
  0C:0A79    A$smtp$2762
  0C:0A7C    A$smtp$2763
  0C:0A7D    A$smtp$2767
  0C:0A7D    C$smtp.c$203$3$3
  0C:0A80    A$smtp$2768
  0C:0A81    A$smtp$2769
  0C:0A82    A$smtp$2770
  0C:0A83    A$smtp$2771
  0C:0A84    A$smtp$2772
  0C:0A85    A$smtp$2773
  0C:0A86    A$smtp$2774
  0C:0A87    A$smtp$2775
  0C:0A88    A$smtp$2776
  0C:0A8B    A$smtp$2777
  0C:0A8E    A$smtp$2778
  0C:0A91    A$smtp$2779
  0C:0A94    A$smtp$2783
  0C:0A94    C$smtp.c$204$5$70
  0C:0A97    A$smtp$2784
  0C:0A99    A$smtp$2785
  0C:0A9A    A$smtp$2786
  0C:0A9B    A$smtp$2787
  0C:0A9C    A$smtp$2788
  0C:0A9D    A$smtp$2790
  0C:0AA0    A$smtp$2791
  0C:0AA3    A$smtp$2792
  0C:0AA6    A$smtp$2793
  0C:0AA8    A$smtp$2794
  0C:0AAA    A$smtp$2795
  0C:0AAD    A$smtp$2796
  0C:0AAF    A$smtp$2797
  0C:0AB0    A$smtp$2798
  0C:0AB1    A$smtp$2799
  0C:0AB3    A$smtp$2800
  0C:0AB4    A$smtp$2801
  0C:0AB5    A$smtp$2802
  0C:0AB7    A$smtp$2803
  0C:0AB8    A$smtp$2804
  0C:0ABB    A$smtp$2805
  0C:0ABC    A$smtp$2806
  0C:0ABD    A$smtp$2807
  0C:0ABE    A$smtp$2808
  0C:0ABF    A$smtp$2809
  0C:0AC0    A$smtp$2810
  0C:0AC3    A$smtp$2811
  0C:0AC6    A$smtp$2812
  0C:0AC8    A$smtp$2813
  0C:0ACA    A$smtp$2814
  0C:0ACC    A$smtp$2815
  0C:0ACF    A$smtp$2816
  0C:0AD1    A$smtp$2817
  0C:0AD3    A$smtp$2818
  0C:0AD5    A$smtp$2819
  0C:0AD6    A$smtp$2823
  0C:0AD6    C$smtp.c$205$5$72
  0C:0AD9    A$smtp$2824
  0C:0ADB    A$smtp$2825
  0C:0ADC    A$smtp$2826
  0C:0ADD    A$smtp$2827
  0C:0ADE    A$smtp$2828
  0C:0ADF    A$smtp$2830
  0C:0AE2    A$smtp$2831
  0C:0AE3    A$smtp$2832
  0C:0AE4    A$smtp$2833
  0C:0AE5    A$smtp$2834
  0C:0AE6    A$smtp$2835
  0C:0AE7    A$smtp$2836
  0C:0AE8    A$smtp$2837
  0C:0AE9    A$smtp$2838
  0C:0AEA    A$smtp$2839
  0C:0AEC    A$smtp$2840
  0C:0AEE    A$smtp$2841
  0C:0AF0    A$smtp$2842
  0C:0AF2    A$smtp$2843
  0C:0AF4    A$smtp$2844
  0C:0AF6    A$smtp$2845
  0C:0AF9    A$smtp$2846
  0C:0AFB    A$smtp$2847
  0C:0AFD    A$smtp$2848
  0C:0AFF    A$smtp$2849
  0C:0B01    A$smtp$2850
  0C:0B03    A$smtp$2851
  0C:0B06    A$smtp$2852
  0C:0B07    A$smtp$2853
  0C:0B08    A$smtp$2854
  0C:0B09    A$smtp$2855
  0C:0B0A    A$smtp$2856
  0C:0B0B    A$smtp$2857
  0C:0B0C    A$smtp$2858
  0C:0B0D    A$smtp$2859
  0C:0B0E    A$smtp$2860
  0C:0B11    A$smtp$2861
  0C:0B12    A$smtp$2862
  0C:0B13    A$smtp$2863
  0C:0B14    A$smtp$2864
  0C:0B15    A$smtp$2865
  0C:0B16    A$smtp$2866
  0C:0B19    A$smtp$2867
  0C:0B1C    A$smtp$2868
  0C:0B1E    A$smtp$2869
  0C:0B20    A$smtp$2870
  0C:0B22    A$smtp$2871
  0C:0B25    A$smtp$2872
  0C:0B27    A$smtp$2873
  0C:0B29    A$smtp$2874
  0C:0B2B    A$smtp$2875
  0C:0B2C    A$smtp$2879
  0C:0B2C    C$smtp.c$206$5$74
  0C:0B2F    A$smtp$2880
  0C:0B31    A$smtp$2881
  0C:0B32    A$smtp$2882
  0C:0B33    A$smtp$2883
  0C:0B34    A$smtp$2884
  0C:0B35    A$smtp$2886
  0C:0B38    A$smtp$2887
  0C:0B3B    A$smtp$2888
  0C:0B3E    A$smtp$2889
  0C:0B40    A$smtp$2890
  0C:0B42    A$smtp$2891
  0C:0B45    A$smtp$2892
  0C:0B47    A$smtp$2893
  0C:0B48    A$smtp$2894
  0C:0B49    A$smtp$2895
  0C:0B4B    A$smtp$2896
  0C:0B4C    A$smtp$2897
  0C:0B4D    A$smtp$2898
  0C:0B4F    A$smtp$2899
  0C:0B50    A$smtp$2900
  0C:0B53    A$smtp$2901
  0C:0B54    A$smtp$2902
  0C:0B55    A$smtp$2903
  0C:0B56    A$smtp$2904
  0C:0B57    A$smtp$2905
  0C:0B58    A$smtp$2906
  0C:0B5B    A$smtp$2907
  0C:0B5E    A$smtp$2908
  0C:0B60    A$smtp$2909
  0C:0B62    A$smtp$2910
  0C:0B64    A$smtp$2911
  0C:0B67    A$smtp$2912
  0C:0B69    A$smtp$2913
  0C:0B6B    A$smtp$2914
  0C:0B6D    A$smtp$2915
  0C:0B6E    A$smtp$2919
  0C:0B6E    C$smtp.c$208$5$76
  0C:0B71    A$smtp$2920
  0C:0B73    A$smtp$2921
  0C:0B74    A$smtp$2922
  0C:0B75    A$smtp$2923
  0C:0B76    A$smtp$2924
  0C:0B77    A$smtp$2926
  0C:0B7A    A$smtp$2927
  0C:0B7C    A$smtp$2928
  0C:0B7D    A$smtp$2929
  0C:0B80    A$smtp$2930
  0C:0B83    A$smtp$2931
  0C:0B85    A$smtp$2932
  0C:0B87    A$smtp$2933
  0C:0B89    A$smtp$2934
  0C:0B8C    A$smtp$2935
  0C:0B8E    A$smtp$2936
  0C:0B90    A$smtp$2937
  0C:0B92    A$smtp$2938
  0C:0B93    A$smtp$2942
  0C:0B93    C$smtp.c$210$4$69
  0C:0B96    A$smtp$2943
  0C:0B97    A$smtp$2944
  0C:0B98    A$smtp$2945
  0C:0B9B    A$smtp$2946
  0C:0B9D    A$smtp$2950
  0C:0B9D    C$smtp.c$211$5$78
  0C:0BA0    A$smtp$2951
  0C:0BA2    A$smtp$2952
  0C:0BA3    A$smtp$2955
  0C:0BA3    C$smtp.c$212$5$78
  0C:0BA6    A$smtp$2956
  0C:0BA9    A$smtp$2959
  0C:0BA9    C$smtp.c$213$6$79
  0C:0BAC    A$smtp$2960
  0C:0BAD    A$smtp$2961
  0C:0BAE    A$smtp$2962
  0C:0BAF    A$smtp$2963
  0C:0BB0    A$smtp$2964
  0C:0BB3    A$smtp$2965
  0C:0BB4    A$smtp$2969
  0C:0BB4    C$smtp.c$217$3$3
  0C:0BB7    A$smtp$2970
  0C:0BB9    A$smtp$2971
  0C:0BBA    A$smtp$2972
  0C:0BBB    A$smtp$2973
  0C:0BBC    A$smtp$2974
  0C:0BBD    A$smtp$2976
  0C:0BC0    A$smtp$2977
  0C:0BC3    A$smtp$2978
  0C:0BC6    A$smtp$2979
  0C:0BC8    A$smtp$2980
  0C:0BCA    A$smtp$2981
  0C:0BCD    A$smtp$2982
  0C:0BCF    A$smtp$2983
  0C:0BD0    A$smtp$2984
  0C:0BD1    A$smtp$2985
  0C:0BD3    A$smtp$2986
  0C:0BD4    A$smtp$2987
  0C:0BD5    A$smtp$2988
  0C:0BD7    A$smtp$2989
  0C:0BD8    A$smtp$2990
  0C:0BDB    A$smtp$2991
  0C:0BDC    A$smtp$2992
  0C:0BDD    A$smtp$2993
  0C:0BDE    A$smtp$2994
  0C:0BDF    A$smtp$2995
  0C:0BE0    A$smtp$2996
  0C:0BE3    A$smtp$2997
  0C:0BE6    A$smtp$2998
  0C:0BE8    A$smtp$2999
  0C:0BEA    A$smtp$3000
  0C:0BEC    A$smtp$3001
  0C:0BEF    A$smtp$3002
  0C:0BF1    A$smtp$3003
  0C:0BF3    A$smtp$3004
  0C:0BF5    A$smtp$3005
  0C:0BF6    A$smtp$3009
  0C:0BF6    C$smtp.c$219$4$82
  0C:0BF9    A$smtp$3010
  0C:0BFB    A$smtp$3011
  0C:0BFC    A$smtp$3012
  0C:0BFD    A$smtp$3013
  0C:0BFE    A$smtp$3014
  0C:0BFF    A$smtp$3016
  0C:0C02    A$smtp$3017
  0C:0C04    A$smtp$3018
  0C:0C05    A$smtp$3019
  0C:0C08    A$smtp$3020
  0C:0C0B    A$smtp$3021
  0C:0C0D    A$smtp$3022
  0C:0C0F    A$smtp$3023
  0C:0C11    A$smtp$3024
  0C:0C14    A$smtp$3025
  0C:0C16    A$smtp$3026
  0C:0C18    A$smtp$3027
  0C:0C1A    A$smtp$3028
  0C:0C1B    A$smtp$3032
  0C:0C1B    C$smtp.c$221$3$3
  0C:0C1E    A$smtp$3033
  0C:0C1F    A$smtp$3034
  0C:0C20    A$smtp$3035
  0C:0C23    A$smtp$3036
  0C:0C25    A$smtp$3040
  0C:0C25    C$smtp.c$222$4$84
  0C:0C28    A$smtp$3041
  0C:0C2A    A$smtp$3042
  0C:0C2B    A$smtp$3045
  0C:0C2B    C$smtp.c$223$4$84
  0C:0C2E    A$smtp$3046
  0C:0C31    A$smtp$3049
  0C:0C31    C$smtp.c$224$5$85
  0C:0C34    A$smtp$3050
  0C:0C35    A$smtp$3051
  0C:0C36    A$smtp$3052
  0C:0C37    A$smtp$3053
  0C:0C38    A$smtp$3054
  0C:0C3B    A$smtp$3055
  0C:0C3C    A$smtp$3059
  0C:0C3C    C$smtp.c$227$3$3
  0C:0C3F    A$smtp$3060
  0C:0C41    A$smtp$3061
  0C:0C42    A$smtp$3062
  0C:0C43    A$smtp$3063
  0C:0C44    A$smtp$3064
  0C:0C45    A$smtp$3066
  0C:0C48    A$smtp$3067
  0C:0C4B    A$smtp$3068
  0C:0C4E    A$smtp$3069
  0C:0C50    A$smtp$3070
  0C:0C52    A$smtp$3071
  0C:0C55    A$smtp$3072
  0C:0C57    A$smtp$3073
  0C:0C58    A$smtp$3074
  0C:0C59    A$smtp$3075
  0C:0C5B    A$smtp$3076
  0C:0C5C    A$smtp$3077
  0C:0C5D    A$smtp$3078
  0C:0C5F    A$smtp$3079
  0C:0C60    A$smtp$3080
  0C:0C63    A$smtp$3081
  0C:0C64    A$smtp$3082
  0C:0C65    A$smtp$3083
  0C:0C66    A$smtp$3084
  0C:0C67    A$smtp$3085
  0C:0C68    A$smtp$3086
  0C:0C6B    A$smtp$3087
  0C:0C6E    A$smtp$3088
  0C:0C70    A$smtp$3089
  0C:0C72    A$smtp$3090
  0C:0C74    A$smtp$3091
  0C:0C77    A$smtp$3092
  0C:0C79    A$smtp$3093
  0C:0C7B    A$smtp$3094
  0C:0C7D    A$smtp$3095
  0C:0C7E    A$smtp$3099
  0C:0C7E    C$smtp.c$228$4$88
  0C:0C81    A$smtp$3100
  0C:0C83    A$smtp$3101
  0C:0C84    A$smtp$3102
  0C:0C85    A$smtp$3103
  0C:0C86    A$smtp$3104
  0C:0C87    A$smtp$3106
  0C:0C8A    A$smtp$3107
  0C:0C8B    A$smtp$3108
  0C:0C8C    A$smtp$3109
  0C:0C8D    A$smtp$3110
  0C:0C8E    A$smtp$3111
  0C:0C8F    A$smtp$3112
  0C:0C90    A$smtp$3113
  0C:0C91    A$smtp$3114
  0C:0C92    A$smtp$3115
  0C:0C94    A$smtp$3116
  0C:0C96    A$smtp$3117
  0C:0C98    A$smtp$3118
  0C:0C9A    A$smtp$3119
  0C:0C9C    A$smtp$3120
  0C:0C9E    A$smtp$3121
  0C:0CA1    A$smtp$3122
  0C:0CA3    A$smtp$3123
  0C:0CA5    A$smtp$3124
  0C:0CA7    A$smtp$3125
  0C:0CA9    A$smtp$3126
  0C:0CAB    A$smtp$3127
  0C:0CAE    A$smtp$3128
  0C:0CAF    A$smtp$3129
  0C:0CB0    A$smtp$3130
  0C:0CB1    A$smtp$3131
  0C:0CB2    A$smtp$3132
  0C:0CB3    A$smtp$3133
  0C:0CB4    A$smtp$3134
  0C:0CB5    A$smtp$3135
  0C:0CB6    A$smtp$3136
  0C:0CB9    A$smtp$3137
  0C:0CBA    A$smtp$3138
  0C:0CBB    A$smtp$3139
  0C:0CBC    A$smtp$3140
  0C:0CBD    A$smtp$3141
  0C:0CBE    A$smtp$3142
  0C:0CC1    A$smtp$3143
  0C:0CC4    A$smtp$3144
  0C:0CC6    A$smtp$3145
  0C:0CC8    A$smtp$3146
  0C:0CCA    A$smtp$3147
  0C:0CCD    A$smtp$3148
  0C:0CCF    A$smtp$3149
  0C:0CD1    A$smtp$3150
  0C:0CD3    A$smtp$3151
  0C:0CD4    A$smtp$3155
  0C:0CD4    C$smtp.c$229$4$90
  0C:0CD7    A$smtp$3156
  0C:0CD9    A$smtp$3157
  0C:0CDA    A$smtp$3158
  0C:0CDB    A$smtp$3159
  0C:0CDC    A$smtp$3160
  0C:0CDD    A$smtp$3162
  0C:0CE0    A$smtp$3163
  0C:0CE3    A$smtp$3164
  0C:0CE6    A$smtp$3165
  0C:0CE8    A$smtp$3166
  0C:0CEA    A$smtp$3167
  0C:0CED    A$smtp$3168
  0C:0CEF    A$smtp$3169
  0C:0CF0    A$smtp$3170
  0C:0CF1    A$smtp$3171
  0C:0CF3    A$smtp$3172
  0C:0CF4    A$smtp$3173
  0C:0CF5    A$smtp$3174
  0C:0CF7    A$smtp$3175
  0C:0CF8    A$smtp$3176
  0C:0CFB    A$smtp$3177
  0C:0CFC    A$smtp$3178
  0C:0CFD    A$smtp$3179
  0C:0CFE    A$smtp$3180
  0C:0CFF    A$smtp$3181
  0C:0D00    A$smtp$3182
  0C:0D03    A$smtp$3183
  0C:0D06    A$smtp$3184
  0C:0D08    A$smtp$3185
  0C:0D0A    A$smtp$3186
  0C:0D0C    A$smtp$3187
  0C:0D0F    A$smtp$3188
  0C:0D11    A$smtp$3189
  0C:0D13    A$smtp$3190
  0C:0D15    A$smtp$3191
  0C:0D16    A$smtp$3195
  0C:0D16    C$smtp.c$231$3$3
  0C:0D19    A$smtp$3196
  0C:0D1A    A$smtp$3197
  0C:0D1B    A$smtp$3198
  0C:0D1C    A$smtp$3199
  0C:0D1D    A$smtp$3200
  0C:0D1E    A$smtp$3201
  0C:0D1F    A$smtp$3202
  0C:0D20    A$smtp$3203
  0C:0D21    A$smtp$3204
  0C:0D22    A$smtp$3205
  0C:0D23    A$smtp$3206
  0C:0D24    A$smtp$3207
  0C:0D26    A$smtp$3208
  0C:0D29    A$smtp$3212
  0C:0D29    C$smtp.c$232$5$93
  0C:0D2C    A$smtp$3213
  0C:0D2E    A$smtp$3214
  0C:0D2F    A$smtp$3215
  0C:0D30    A$smtp$3216
  0C:0D31    A$smtp$3217
  0C:0D32    A$smtp$3219
  0C:0D35    A$smtp$3220
  0C:0D38    A$smtp$3221
  0C:0D3B    A$smtp$3222
  0C:0D3D    A$smtp$3223
  0C:0D3F    A$smtp$3224
  0C:0D42    A$smtp$3225
  0C:0D44    A$smtp$3226
  0C:0D45    A$smtp$3227
  0C:0D46    A$smtp$3228
  0C:0D48    A$smtp$3229
  0C:0D49    A$smtp$3230
  0C:0D4A    A$smtp$3231
  0C:0D4C    A$smtp$3232
  0C:0D4D    A$smtp$3233
  0C:0D50    A$smtp$3234
  0C:0D51    A$smtp$3235
  0C:0D52    A$smtp$3236
  0C:0D53    A$smtp$3237
  0C:0D54    A$smtp$3238
  0C:0D55    A$smtp$3239
  0C:0D58    A$smtp$3240
  0C:0D5B    A$smtp$3241
  0C:0D5D    A$smtp$3242
  0C:0D5F    A$smtp$3243
  0C:0D61    A$smtp$3244
  0C:0D64    A$smtp$3245
  0C:0D66    A$smtp$3246
  0C:0D68    A$smtp$3247
  0C:0D6A    A$smtp$3248
  0C:0D6B    A$smtp$3252
  0C:0D6B    C$smtp.c$233$5$95
  0C:0D6E    A$smtp$3253
  0C:0D70    A$smtp$3254
  0C:0D71    A$smtp$3255
  0C:0D72    A$smtp$3256
  0C:0D73    A$smtp$3257
  0C:0D74    A$smtp$3259
  0C:0D77    A$smtp$3260
  0C:0D78    A$smtp$3261
  0C:0D79    A$smtp$3262
  0C:0D7A    A$smtp$3263
  0C:0D7B    A$smtp$3264
  0C:0D7C    A$smtp$3265
  0C:0D7D    A$smtp$3266
  0C:0D7E    A$smtp$3267
  0C:0D7F    A$smtp$3268
  0C:0D81    A$smtp$3269
  0C:0D83    A$smtp$3270
  0C:0D85    A$smtp$3271
  0C:0D87    A$smtp$3272
  0C:0D89    A$smtp$3273
  0C:0D8B    A$smtp$3274
  0C:0D8E    A$smtp$3275
  0C:0D90    A$smtp$3276
  0C:0D92    A$smtp$3277
  0C:0D94    A$smtp$3278
  0C:0D96    A$smtp$3279
  0C:0D98    A$smtp$3280
  0C:0D9B    A$smtp$3281
  0C:0D9C    A$smtp$3282
  0C:0D9D    A$smtp$3283
  0C:0D9E    A$smtp$3284
  0C:0D9F    A$smtp$3285
  0C:0DA0    A$smtp$3286
  0C:0DA1    A$smtp$3287
  0C:0DA2    A$smtp$3288
  0C:0DA3    A$smtp$3289
  0C:0DA6    A$smtp$3290
  0C:0DA7    A$smtp$3291
  0C:0DA8    A$smtp$3292
  0C:0DA9    A$smtp$3293
  0C:0DAA    A$smtp$3294
  0C:0DAB    A$smtp$3295
  0C:0DAE    A$smtp$3296
  0C:0DB1    A$smtp$3297
  0C:0DB3    A$smtp$3298
  0C:0DB5    A$smtp$3299
  0C:0DB7    A$smtp$3300
  0C:0DBA    A$smtp$3301
  0C:0DBC    A$smtp$3302
  0C:0DBE    A$smtp$3303
  0C:0DC0    A$smtp$3304
  0C:0DC1    A$smtp$3308
  0C:0DC1    C$smtp.c$234$5$97
  0C:0DC4    A$smtp$3309
  0C:0DC6    A$smtp$3310
  0C:0DC7    A$smtp$3311
[...]
  0C:2D30F    A$uip_arp$1456
  0C:2D310    A$uip_arp$1457
  0C:2D311    A$uip_arp$1458
  0C:2D312    A$uip_arp$1459
  0C:2D313    A$uip_arp$1460
  0C:2D316    A$uip_arp$1461
  0C:2D317    A$uip_arp$1462
  0C:2D318    A$uip_arp$1463
  0C:2D319    A$uip_arp$1464
  0C:2D31A    A$uip_arp$1465
  0C:2D31B    A$uip_arp$1466
  0C:2D31E    A$uip_arp$1467
  0C:2D321    A$uip_arp$1468
  0C:2D324    A$uip_arp$1469
  0C:2D325    A$uip_arp$1470
  0C:2D326    A$uip_arp$1471
  0C:2D329    A$uip_arp$1472
  0C:2D32A    A$uip_arp$1473
  0C:2D32D    A$uip_arp$1474
  0C:2D330    A$uip_arp$1475
  0C:2D331    A$uip_arp$1476
  0C:2D334    A$uip_arp$1477
  0C:2D335    A$uip_arp$1478
  0C:2D336    A$uip_arp$1479
  0C:2D339    A$uip_arp$1482
  0C:2D339    C$uip_arp.c$380$3$6
  0C:2D33B    A$uip_arp$1484
  0C:2D33E    A$uip_arp$1485
  0C:2D341    A$uip_arp$1486
  0C:2D344    A$uip_arp$1487
  0C:2D345    A$uip_arp$1488
  0C:2D346    A$uip_arp$1489
  0C:2D349    A$uip_arp$1490
  0C:2D34A    A$uip_arp$1491
  0C:2D34D    A$uip_arp$1492
  0C:2D34E    A$uip_arp$1493
  0C:2D34F    A$uip_arp$1494
  0C:2D350    A$uip_arp$1495
  0C:2D351    A$uip_arp$1496
  0C:2D352    A$uip_arp$1497
  0C:2D355    A$uip_arp$1498
  0C:2D358    A$uip_arp$1499
  0C:2D35B    A$uip_arp$1500
  0C:2D35C    A$uip_arp$1501
  0C:2D35D    A$uip_arp$1502
  0C:2D360    A$uip_arp$1503
  0C:2D361    A$uip_arp$1504
  0C:2D364    A$uip_arp$1505
  0C:2D367    A$uip_arp$1506
  0C:2D368    A$uip_arp$1507
  0C:2D36B    A$uip_arp$1508
  0C:2D36C    A$uip_arp$1509
  0C:2D36D    A$uip_arp$1510
  0C:2D370    A$uip_arp$1514
  0C:2D373    A$uip_arp$1515
  0C:2D374    A$uip_arp$1516
  0C:2D375    A$uip_arp$1518
  0C:2D378    A$uip_arp$1519
  0C:2D379    A$uip_arp$1520
  0C:2D37A    A$uip_arp$1521
  0C:2D37D    A$uip_arp$1523
  0C:2D37F    A$uip_arp$1526
  0C:2D37F    C$uip_arp.c$384$3$8
  0C:2D380    A$uip_arp$1527
  0C:2D383    A$uip_arp$1528
  0C:2D384    A$uip_arp$1529
  0C:2D386    A$uip_arp$1530
  0C:2D387    A$uip_arp$1531
  0C:2D388    A$uip_arp$1532
  0C:2D38A    A$uip_arp$1533
  0C:2D38B    A$uip_arp$1534
  0C:2D38D    A$uip_arp$1535
  0C:2D38E    A$uip_arp$1536
  0C:2D390    A$uip_arp$1537
  0C:2D391    A$uip_arp$1538
  0C:2D393    A$uip_arp$1539
  0C:2D394    A$uip_arp$1540
  0C:2D396    A$uip_arp$1543
  0C:2D396    C$uip_arp.c$385$3$8
  0C:2D399    A$uip_arp$1544
  0C:2D39A    A$uip_arp$1545
  0C:2D39B    A$uip_arp$1546
  0C:2D39C    A$uip_arp$1547
  0C:2D39D    A$uip_arp$1548
  0C:2D39E    A$uip_arp$1549
  0C:2D3A0    A$uip_arp$1550
  0C:2D3A1    A$uip_arp$1551
  0C:2D3A3    A$uip_arp$1552
  0C:2D3A4    A$uip_arp$1553
  0C:2D3A6    A$uip_arp$1554
  0C:2D3A7    A$uip_arp$1555
  0C:2D3A9    A$uip_arp$1556
  0C:2D3AC    A$uip_arp$1557
  0C:2D3AD    A$uip_arp$1558
  0C:2D3AE    A$uip_arp$1559
  0C:2D3B1    A$uip_arp$1560
  0C:2D3B2    A$uip_arp$1561
  0C:2D3B3    A$uip_arp$1562
  0C:2D3B6    A$uip_arp$1563
  0C:2D3B7    A$uip_arp$1564
  0C:2D3BA    A$uip_arp$1565
  0C:2D3BD    A$uip_arp$1566
  0C:2D3C0    A$uip_arp$1567
  0C:2D3C3    A$uip_arp$1568
  0C:2D3C4    A$uip_arp$1569
  0C:2D3C5    A$uip_arp$1570
  0C:2D3C8    A$uip_arp$1571
  0C:2D3C9    A$uip_arp$1572
  0C:2D3CB    A$uip_arp$1573
  0C:2D3CC    A$uip_arp$1574
  0C:2D3CE    A$uip_arp$1575
  0C:2D3CF    A$uip_arp$1576
  0C:2D3D0    A$uip_arp$1577
  0C:2D3D1    A$uip_arp$1578
  0C:2D3D2    A$uip_arp$1579
  0C:2D3D3    A$uip_arp$1580
  0C:2D3D4    A$uip_arp$1581
  0C:2D3D5    A$uip_arp$1582
  0C:2D3D7    A$uip_arp$1583
  0C:2D3D9    A$uip_arp$1584
  0C:2D3DB    A$uip_arp$1585
  0C:2D3DD    A$uip_arp$1586
  0C:2D3E0    A$uip_arp$1587
  0C:2D3E1    A$uip_arp$1588
  0C:2D3E2    A$uip_arp$1589
  0C:2D3E5    A$uip_arp$1590
  0C:2D3E6    A$uip_arp$1591
  0C:2D3E7    A$uip_arp$1592
  0C:2D3EA    A$uip_arp$1593
  0C:2D3EB    A$uip_arp$1594
  0C:2D3EE    A$uip_arp$1595
  0C:2D3F0    A$uip_arp$1602
  0C:2D3F0    C$uip_arp.c$383$2$3
  0C:2D3F0    C$uip_arp.c$386$2$3
  0C:2D3F3    A$uip_arp$1603
  0C:2D3F4    A$uip_arp$1604
  0C:2D3F6    A$uip_arp$1605
  0C:2D3F7    A$uip_arp$1606
  0C:2D3FA    A$uip_arp$1610
  0C:2D3FA    C$uip_arp.c$390$2$3
  0C:2D3FD    A$uip_arp$1611
  0C:2D3FE    A$uip_arp$1612
  0C:2D3FF    A$uip_arp$1613
  0C:2D402    A$uip_arp$1614
  0C:2D404    A$uip_arp$1616
  0C:2D407    A$uip_arp$1620
  0C:2D407    C$uip_arp.c$394$3$10
  0C:2D40A    A$uip_arp$1621
  0C:2D40C    A$uip_arp$1622
  0C:2D40D    A$uip_arp$1623
  0C:2D410    A$uip_arp$1624
  0C:2D412    A$uip_arp$1625
  0C:2D413    A$uip_arp$1626
  0C:2D414    A$uip_arp$1627
  0C:2D415    A$uip_arp$1628
  0C:2D416    A$uip_arp$1629
  0C:2D419    A$uip_arp$1630
  0C:2D41C    A$uip_arp$1631
  0C:2D41F    A$uip_arp$1634
  0C:2D41F    C$uip_arp.c$395$3$10
  0C:2D422    A$uip_arp$1635
  0C:2D423    A$uip_arp$1636
  0C:2D424    A$uip_arp$1637
  0C:2D427    A$uip_arp$1638
  0C:2D429    A$uip_arp$1639
  0C:2D42A    A$uip_arp$1640
  0C:2D42B    A$uip_arp$1641
  0C:2D42C    A$uip_arp$1642
  0C:2D42D    A$uip_arp$1643
  0C:2D430    A$uip_arp$1644
  0C:2D433    A$uip_arp$1645
  0C:2D436    A$uip_arp$1648
  0C:2D436    C$uip_arp.c$396$3$10
  0C:2D439    A$uip_arp$1649
  0C:2D43B    A$uip_arp$1650
  0C:2D43C    A$uip_arp$1651
  0C:2D43D    A$uip_arp$1652
  0C:2D43E    A$uip_arp$1653
  0C:2D43F    A$uip_arp$1654
  0C:2D440    A$uip_arp$1655
  0C:2D442    A$uip_arp$1656
  0C:2D443    A$uip_arp$1657
  0C:2D446    A$uip_arp$1658
  0C:2D448    A$uip_arp$1659
  0C:2D449    A$uip_arp$1660
  0C:2D44A    A$uip_arp$1661
  0C:2D44B    A$uip_arp$1662
  0C:2D44C    A$uip_arp$1663
  0C:2D44F    A$uip_arp$1664
  0C:2D452    A$uip_arp$1665
  0C:2D455    A$uip_arp$1668
  0C:2D455    C$uip_arp.c$397$3$10
  0C:2D458    A$uip_arp$1669
  0C:2D45A    A$uip_arp$1670
  0C:2D45B    A$uip_arp$1671
  0C:2D45C    A$uip_arp$1672
  0C:2D45D    A$uip_arp$1673
  0C:2D45E    A$uip_arp$1674
  0C:2D45F    A$uip_arp$1675
  0C:2D461    A$uip_arp$1676
  0C:2D462    A$uip_arp$1677
  0C:2D465    A$uip_arp$1678
  0C:2D467    A$uip_arp$1679
  0C:2D468    A$uip_arp$1680
  0C:2D469    A$uip_arp$1681
  0C:2D46A    A$uip_arp$1682
  0C:2D46B    A$uip_arp$1683
  0C:2D46E    A$uip_arp$1684
  0C:2D471    A$uip_arp$1685
  0C:2D474    A$uip_arp$1688
  0C:2D474    C$uip_arp.c$399$4$11
  0C:2D477    A$uip_arp$1689
  0C:2D478    A$uip_arp$1690
  0C:2D479    A$uip_arp$1691
  0C:2D47A    A$uip_arp$1692
  0C:2D47B    A$uip_arp$1693
  0C:2D47C    A$uip_arp$1694
  0C:2D47F    A$uip_arp$1695
  0C:2D482    A$uip_arp$1696
  0C:2D483    A$uip_arp$1697
  0C:2D486    A$uip_arp$1698
  0C:2D487    A$uip_arp$1699
  0C:2D488    A$uip_arp$1700
  0C:2D48B    A$uip_arp$1701
  0C:2D48E    A$uip_arp$1702
  0C:2D491    A$uip_arp$1703
  0C:2D494    A$uip_arp$1704
  0C:2D495    A$uip_arp$1705
  0C:2D496    A$uip_arp$1706
  0C:2D499    A$uip_arp$1707
  0C:2D49A    A$uip_arp$1708
  0C:2D49D    A$uip_arp$1709
  0C:2D4A0    A$uip_arp$1710
  0C:2D4A1    A$uip_arp$1711
  0C:2D4A4    A$uip_arp$1712
  0C:2D4A5    A$uip_arp$1713
  0C:2D4A6    A$uip_arp$1714
  0C:2D4A9    A$uip_arp$1717
  0C:2D4A9    C$uip_arp.c$400$4$12
  0C:2D4AC    A$uip_arp$1718
  0C:2D4AD    A$uip_arp$1719
  0C:2D4AE    A$uip_arp$1720
  0C:2D4AF    A$uip_arp$1721
  0C:2D4B0    A$uip_arp$1722
  0C:2D4B1    A$uip_arp$1723
  0C:2D4B4    A$uip_arp$1724
  0C:2D4B7    A$uip_arp$1725
  0C:2D4B8    A$uip_arp$1726
  0C:2D4BB    A$uip_arp$1727
  0C:2D4BC    A$uip_arp$1728
  0C:2D4BD    A$uip_arp$1729
  0C:2D4C0    A$uip_arp$1730
  0C:2D4C3    A$uip_arp$1731
  0C:2D4C6    A$uip_arp$1732
  0C:2D4C9    A$uip_arp$1733
  0C:2D4CA    A$uip_arp$1734
  0C:2D4CB    A$uip_arp$1735
  0C:2D4CE    A$uip_arp$1736
  0C:2D4CF    A$uip_arp$1737
  0C:2D4D2    A$uip_arp$1738
  0C:2D4D5    A$uip_arp$1739
  0C:2D4D6    A$uip_arp$1740
  0C:2D4D9    A$uip_arp$1741
  0C:2D4DA    A$uip_arp$1742
  0C:2D4DB    A$uip_arp$1743
  0C:2D4DE    A$uip_arp$1746
  0C:2D4DE    C$uip_arp.c$401$3$10
  0C:2D4E1    A$uip_arp$1747
  0C:2D4E2    A$uip_arp$1748
  0C:2D4E4    A$uip_arp$1749
  0C:2D4E7    A$uip_arp$1750
  0C:2D4E8    A$uip_arp$1751
  0C:2D4EA    A$uip_arp$1752
  0C:2D4ED    A$uip_arp$1755
  0C:2D4ED    C$uip_arp.c$402$3$10
  0C:2D4F0    A$uip_arp$1756
  0C:2D4F1    A$uip_arp$1757
  0C:2D4F3    A$uip_arp$1758
  0C:2D4F6    A$uip_arp$1759
  0C:2D4F7    A$uip_arp$1760
  0C:2D4F9    A$uip_arp$1761
  0C:2D4FC    A$uip_arp$1764
  0C:2D4FC    C$uip_arp.c$403$3$10
  0C:2D4FF    A$uip_arp$1765
  0C:2D502    A$uip_arp$1766
  0C:2D504    A$uip_arp$1767
  0C:2D507    A$uip_arp$1768
  0C:2D508    A$uip_arp$1769
  0C:2D509    A$uip_arp$1770
  0C:2D50C    A$uip_arp$1773
  0C:2D50C    C$uip_arp.c$404$3$10
  0C:2D50F    A$uip_arp$1774
  0C:2D512    A$uip_arp$1775
  0C:2D514    A$uip_arp$1776
  0C:2D517    A$uip_arp$1779
  0C:2D517    C$uip_arp.c$405$3$10
  0C:2D51A    A$uip_arp$1780
  0C:2D51D    A$uip_arp$1781
  0C:2D51F    A$uip_arp$1782
  0C:2D522    A$uip_arp$1785
  0C:2D522    C$uip_arp.c$406$3$10
  0C:2D525    A$uip_arp$1786
  0C:2D528    A$uip_arp$1787
  0C:2D52A    A$uip_arp$1788
  0C:2D52D    A$uip_arp$1789
  0C:2D52E    A$uip_arp$1790
  0C:2D530    A$uip_arp$1791
  0C:2D533    A$uip_arp$1794
  0C:2D533    C$uip_arp.c$408$3$10
  0C:2D536    A$uip_arp$1795
  0C:2D538    A$uip_arp$1796
  0C:2D539    A$uip_arp$1797
  0C:2D53A    A$uip_arp$1798
  0C:2D53C    A$uip_arp$1799
  0C:2D53D    A$uip_arp$1800
  0C:2D53E    A$uip_arp$1801
  0C:2D53F    A$uip_arp$1802
  0C:2D540    A$uip_arp$1805
  0C:2D540    C$uip_arp.c$410$3$10
  0C:2D543    A$uip_arp$1806
  0C:2D545    A$uip_arp$1807
  0C:2D546    A$uip_arp$1808
  0C:2D547    A$uip_arp$1809
  0C:2D548    A$uip_arp$1810
  0C:2D549    A$uip_arp$1813
  0C:2D549    C$uip_arp.c$411$3$10
  0C:2D54B    A$uip_arp$1817
  0C:2D54B    C$uip_arp.c$415$2$3
  0C:2D54D    A$uip_arp$1818
  0C:2D54E    A$uip_arp$1819
  0C:2D551    A$uip_arp$1820
  0C:2D553    A$uip_arp$1821
  0C:2D554    A$uip_arp$1822
  0C:2D555    A$uip_arp$1823
  0C:2D556    A$uip_arp$1824
  0C:2D557    A$uip_arp$1825
  0C:2D558    A$uip_arp$1826
  0C:2D559    A$uip_arp$1827
  0C:2D55A    A$uip_arp$1828
  0C:2D55B    A$uip_arp$1829
  0C:2D55C    A$uip_arp$1830
  0C:2D55D    A$uip_arp$1831
  0C:2D55E    A$uip_arp$1832
  0C:2D561    A$uip_arp$1833
  0C:2D563    A$uip_arp$1834
  0C:2D564    A$uip_arp$1835
  0C:2D565    A$uip_arp$1836
  0C:2D566    A$uip_arp$1837
  0C:2D567    A$uip_arp$1838
  0C:2D56A    A$uip_arp$1839
  0C:2D56D    A$uip_arp$1840
  0C:2D570    A$uip_arp$1844
  0C:2D570    C$uip_arp.c$417$1$1
  0C:2D573    A$uip_arp$1845
  0C:2D575    A$uip_arp$1846
  0C:2D576    A$uip_arp$1847
  0C:2D577    A$uip_arp$1848
  0C:2D578    A$uip_arp$1849
  0C:2D579    A$uip_arp$1850
  0C:2D57A    A$uip_arp$1851
  0C:2D57C    A$uip_arp$1852
  0C:2D57D    A$uip_arp$1853
  0C:2D580    A$uip_arp$1854
  0C:2D582    A$uip_arp$1855
  0C:2D583    A$uip_arp$1856
  0C:2D584    A$uip_arp$1857
  0C:2D585    A$uip_arp$1858
  0C:2D586    A$uip_arp$1859
  0C:2D589    A$uip_arp$1860
  0C:2D58C    A$uip_arp$1861
  0C:2D58F    A$uip_arp$1864
  0C:2D58F    C$uip_arp.c$419$1$1
  0C:2D592    A$uip_arp$1865
  0C:2D595    A$uip_arp$1866
  0C:2D597    A$uip_arp$1867
  0C:2D59A    A$uip_arp$1868
  0C:2D59B    A$uip_arp$1869
  0C:2D59C    A$uip_arp$1870
  0C:2D59F    A$uip_arp$1873
  0C:2D59F    C$uip_arp.c$421$1$1
  0C:2D5A2    A$uip_arp$1874
  0C:2D5A3    A$uip_arp$1875
  0C:2D5A4    A$uip_arp$1876
  0C:2D5A5    A$uip_arp$1877
  0C:2D5A6    A$uip_arp$1878
  0C:2D5A7    A$uip_arp$1879
  0C:2D5AA    A$uip_arp$1880
  0C:2D5AC    A$uip_arp$1881
  0C:2D5AD    A$uip_arp$1882
  0C:2D5AE    A$uip_arp$1883
  0C:2D5AF    A$uip_arp$1884
  0C:2D5B0    A$uip_arp$1885
  0C:2D5B1    A$uip_arp$1886
  0C:2D5B2    A$uip_arp$1888
  0C:2D5B5    A$uip_arp$1889
  0C:2D5B7    A$uip_arp$1892
  0C:2D5B7    C$uip_arp.c$422$1$1
  0C:2D5B7    XG$uip_arp_out$0$0
  0C:2D5BA    A$uiplib$115
  0C:2D5BA    C$uiplib.c$46$0$0
  0C:2D5BA    G$uiplib_ipaddrconv$0$0
  0C:2D5BA    _uiplib_ipaddrconv
  0C:2D5BC    A$uiplib$116
  0C:2D5BF    A$uiplib$117
  0C:2D5C1    A$uiplib$118
  0C:2D5C3    A$uiplib$119
  0C:2D5C5    A$uiplib$120
  0C:2D5C7    A$uiplib$121
  0C:2D5C9    A$uiplib$122
  0C:2D5CB    A$uiplib$125
  0C:2D5CB    C$uiplib.c$52$1$1
  0C:2D5CD    A$uiplib$128
  0C:2D5CF    A$uiplib$129
  0C:2D5D1    A$uiplib$130
  0C:2D5D2    A$uiplib$131
  0C:2D5D4    A$uiplib$133
  0C:2D5D6    A$uiplib$134
  0C:2D5D8    A$uiplib$135
  0C:2D5D9    A$uiplib$136
  0C:2D5DC    A$uiplib$138
  0C:2D5DE    A$uiplib$139
  0C:2D5E1    A$uiplib$143
  0C:2D5E1    C$uiplib.c$56$1$1
  0C:2D5E3    A$uiplib$144
  0C:2D5E5    A$uiplib$145
  0C:2D5E6    A$uiplib$146
  0C:2D5E8    A$uiplib$147
  0C:2D5E9    A$uiplib$148
  0C:2D5EB    A$uiplib$149
  0C:2D5EC    A$uiplib$150
  0C:2D5EE    A$uiplib$151
  0C:2D5F0    A$uiplib$152
  0C:2D5F1    A$uiplib$153
  0C:2D5F3    A$uiplib$154
  0C:2D5F5    A$uiplib$155
  0C:2D5F6    A$uiplib$156
  0C:2D5F7    A$uiplib$157
  0C:2D5F8    A$uiplib$158
  0C:2D5F9    A$uiplib$159
  0C:2D5FA    A$uiplib$160
  0C:2D5FB    A$uiplib$161
  0C:2D5FC    A$uiplib$162
  0C:2D5FD    A$uiplib$163
  0C:2D5FE    A$uiplib$164
  0C:2D5FF    A$uiplib$165
  0C:2D600    A$uiplib$166
  0C:2D602    A$uiplib$170
  0C:2D602    C$uiplib.c$57$3$3
  0C:2D604    A$uiplib$171
  0C:2D606    A$uiplib$172
  0C:2D607    A$uiplib$173
  0C:2D609    A$uiplib$174
  0C:2D60A    A$uiplib$175
  0C:2D60C    A$uiplib$176
  0C:2D60D    A$uiplib$177
  0C:2D60F    A$uiplib$178
  0C:2D612    A$uiplib$179
  0C:2D613    A$uiplib$182
  0C:2D613    C$uiplib.c$58$3$3
  0C:2D614    A$uiplib$185
  0C:2D614    C$uiplib.c$59$3$3
  0C:2D615    A$uiplib$186
  0C:2D617    A$uiplib$187
  0C:2D619    A$uiplib$190
  0C:2D619    C$uiplib.c$60$4$4
  0C:2D61C    A$uiplib$191
  0C:2D61F    A$uiplib$195
  0C:2D61F    C$uiplib.c$62$3$3
  0C:2D622    A$uiplib$196
  0C:2D624    A$uiplib$198
  0C:2D625    A$uiplib$199
  0C:2D627    A$uiplib$203
  0C:2D627    C$uiplib.c$63$4$5
  0C:2D629    A$uiplib$204
  0C:2D62B    A$uiplib$205
  0C:2D62D    A$uiplib$206
  0C:2D62E    A$uiplib$207
  0C:2D631    A$uiplib$208
  0C:2D632    A$uiplib$209
  0C:2D634    A$uiplib$210
  0C:2D636    A$uiplib$213
  0C:2D636    C$uiplib.c$64$4$5
  0C:2D638    A$uiplib$214
  0C:2D63A    A$uiplib$215
  0C:2D63B    A$uiplib$216
  0C:2D63D    A$uiplib$217
  0C:2D63E    A$uiplib$218
  0C:2D640    A$uiplib$219
  0C:2D641    A$uiplib$220
  0C:2D643    A$uiplib$223
  0C:2D643    C$uiplib.c$65$4$5
  0C:2D645    A$uiplib$224
  0C:2D647    A$uiplib$228
  0C:2D647    C$uiplib.c$66$3$3
  0C:2D648    A$uiplib$229
  0C:2D649    A$uiplib$230
  0C:2D64B    A$uiplib$231
  0C:2D64D    A$uiplib$232
  0C:2D64F    A$uiplib$233
  0C:2D651    A$uiplib$234
  0C:2D653    A$uiplib$235
  0C:2D656    A$uiplib$236
  0C:2D658    A$uiplib$237
  0C:2D65A    A$uiplib$240
  0C:2D65A    C$uiplib.c$67$1$1
  0C:2D65C    A$uiplib$241
  0C:2D65D    A$uiplib$242
  0C:2D660    A$uiplib$243
  0C:2D661    A$uiplib$244
  0C:2D662    A$uiplib$245
  0C:2D663    A$uiplib$246
  0C:2D665    A$uiplib$247
  0C:2D666    A$uiplib$248
  0C:2D667    A$uiplib$249
  0C:2D669    A$uiplib$250
  0C:2D66B    A$uiplib$254
  0C:2D66B    C$uiplib.c$69$4$7
  0C:2D66E    A$uiplib$255
  0C:2D670    A$uiplib$259
  0C:2D670    C$uiplib.c$71$3$3
  0C:2D672    A$uiplib$260
  0C:2D674    A$uiplib$261
  0C:2D675    A$uiplib$262
  0C:2D676    A$uiplib$263
  0C:2D679    A$uiplib$264
  0C:2D67A    A$uiplib$265
  0C:2D67B    A$uiplib$267
  0C:2D67D    A$uiplib$268
  0C:2D67F    A$uiplib$269
  0C:2D680    A$uiplib$270
  0C:2D682    A$uiplib$271
  0C:2D683    A$uiplib$272
  0C:2D684    A$uiplib$273
  0C:2D685    A$uiplib$274
  0C:2D686    A$uiplib$275
  0C:2D687    A$uiplib$276
  0C:2D688    A$uiplib$277
  0C:2D689    A$uiplib$278
  0C:2D68A    A$uiplib$279
  0C:2D68B    A$uiplib$280
  0C:2D68C    A$uiplib$281
  0C:2D68D    A$uiplib$284
  0C:2D68D    C$uiplib.c$72$2$2
  0C:2D690    A$uiplib$285
  0C:2D692    A$uiplib$287
  0C:2D693    A$uiplib$288
  0C:2D695    A$uiplib$289
  0C:2D698    A$uiplib$294
  0C:2D698    C$uiplib.c$54$1$1
  0C:2D69A    A$uiplib$295
  0C:2D69C    A$uiplib$296
  0C:2D69D    A$uiplib$297
  0C:2D69E    A$uiplib$298
  0C:2D6A1    A$uiplib$302
  0C:2D6A1    C$uiplib.c$74$1$1
  0C:2D6A4    A$uiplib$304
  0C:2D6A7    A$uiplib$305
  0C:2D6A9    A$uiplib$308
  0C:2D6A9    C$uiplib.c$75$1$1
  0C:2D6A9    XG$uiplib_ipaddrconv$0$0
ASxxxx Linker V01.75 + NoICE + SDCC Feb 1999,  page 1.

Files Linked      [ module(s) ]

obj\Debug\applications\adcd\adcd.rel
obj\Debug\apps\smtp\smtp-strings.rel
obj\Debug\apps\smtp\smtp.rel
obj\Debug\apps\webserver\base64.rel
obj\Debug\apps\webserver\http-strings.rel
obj\Debug\apps\webserver\httpd-cgi.rel
obj\Debug\apps\webserver\httpd-fs.rel
obj\Debug\apps\webserver\httpd-param.rel
obj\Debug\apps\webserver\httpd.rel
obj\Debug\driver\adc.rel
obj\Debug\driver\dm9000.rel
obj\Debug\driver\fan_heater.rel
obj\Debug\driver\led.rel
obj\Debug\driver\swtimers.rel
obj\Debug\ip_avenger\CUart.rel
obj\Debug\ip_avenger\clock-arch.rel
obj\Debug\ip_avenger\config.rel
obj\Debug\ip_avenger\flash\Flash_02x.rel
obj\Debug\ip_avenger\flash\parameters.rel
obj\Debug\ip_avenger\main.rel
obj\Debug\ip_avenger\uip_app_registration\uip_app_registration.rel
obj\Debug\uip\psock.rel
obj\Debug\uip\timer.rel
obj\Debug\uip\uip.rel
obj\Debug\uip\uip_arp.rel
obj\Debug\uip\uiplib.rel

Libraries Linked            [   object  file   ]

C:\Program Files\SDCC\bin\..\lib\large/libsdcc.lib    [          _strcpy ]
C:\Program Files\SDCC\bin\..\lib\large/liblong.lib    [    _divslong.rel ]
C:\Program Files\SDCC\bin\..\lib\large/liblong.lib    [    _divulong.rel ]
C:\Program Files\SDCC\bin\..\lib\large/libsdcc.lib    [         _strncmp ]
C:\Program Files\SDCC\bin\..\lib\large/mcs51.lib    [     crtclear.rel ]
C:\Program Files\SDCC\bin\..\lib\large/libsdcc.lib    [         _strrchr ]
C:\Program Files\SDCC\bin\..\lib\large/libsdcc.lib    [         _isspace ]
C:\Program Files\SDCC\bin\..\lib\large/mcs51.lib    [      crtbank.rel ]
C:\Program Files\SDCC\bin\..\lib\large/libsdcc.lib    [          _memcpy ]
C:\Program Files\SDCC\bin\..\lib\large/libsdcc.lib    [          _memset ]
C:\Program Files\SDCC\bin\..\lib\large/mcs51.lib    [     crtxinit.rel ]
C:\Program Files\SDCC\bin\..\lib\large/libsdcc.lib    [         _isdigit ]
C:\Program Files\SDCC\bin\..\lib\large/libsdcc.lib    [            _atoi ]
C:\Program Files\SDCC\bin\..\lib\large/libsdcc.lib    [          _strcat ]
C:\Program Files\SDCC\bin\..\lib\large/libsdcc.lib    [         _strncpy ]
C:\Program Files\SDCC\bin\..\lib\large/libsdcc.lib    [         _gptrput ]
C:\Program Files\SDCC\bin\..\lib\large/libsdcc.lib    [          _strchr ]
C:\Program Files\SDCC\bin\..\lib\large/libsdcc.lib    [              abs ]
C:\Program Files\SDCC\bin\..\lib\large/libint.lib    [          _mulint ]
C:\Program Files\SDCC\bin\..\lib\large/libint.lib    [         _modsint ]
C:\Program Files\SDCC\bin\..\lib\large/liblong.lib    [     _mullong.rel ]
C:\Program Files\SDCC\bin\..\lib\large/libint.lib    [         _moduint ]
C:\Program Files\SDCC\bin\..\lib\large/libsdcc.lib    [         _strncat ]
C:\Program Files\SDCC\bin\..\lib\large/mcs51.lib    [    crtxclear.rel ]
C:\Program Files\SDCC\bin\..\lib\large/libint.lib    [         _divsint ]
C:\Program Files\SDCC\bin\..\lib\large/libint.lib    [         _divuint ]
C:\Program Files\SDCC\bin\..\lib\large/libsdcc.lib    [          sprintf ]
C:\Program Files\SDCC\bin\..\lib\large/mcs51.lib    [      crtcall.rel ]
C:\Program Files\SDCC\bin\..\lib\large/libsdcc.lib    [              _bp ]
C:\Program Files\SDCC\bin\..\lib\large/libsdcc.lib    [          vprintf ]
C:\Program Files\SDCC\bin\..\lib\large/libsdcc.lib    [     printf_large ]
C:\Program Files\SDCC\bin\..\lib\large/libsdcc.lib    [          _strlen ]
C:\Program Files\SDCC\bin\..\lib\large/mcs51.lib    [     crtstart.rel ]
C:\Program Files\SDCC\bin\..\lib\large/libsdcc.lib    [         _gptrget ]
C:\Program Files\SDCC\bin\..\lib\large/libsdcc.lib    [         _startup ]

ASxxxx Linker V01.75 + NoICE + SDCC Feb 1999,  page 2.

User Base Address Definitions

HOME = 0x0000
ISEG = 0x0000
BSEG = 0x0000
UIP_BANK=0x28000
APP_BANK=0x38000
CONST=0x08000

